{
  "generatedAt": "2026-10-01T08:04:13.894150+00:00",
  "sutRevision": "86ad4e7e63786f652c965308b032b98415bdd7ac",
  "runId": "2026-10-01T06-54-18.519Z-a1e23916",
  "runner": {
    "runnerStatus": "failed",
    "runnerErrors": [],
    "completedAt": "2026-10-01T07:32:54.100Z"
  },
  "businessVerdict": "FAIL",
  "caseCounts": {
    "PASS": 222,
    "FAIL": 8,
    "BLOCKED": 24,
    "NOT_RUN": 0
  },
  "requirementCounts": {
    "BLOCKED": 18,
    "FAIL": 18,
    "PASS": 80
  },
  "requirements": 116,
  "mappedRequirements": 116,
  "cases": 254,
  "projectObligations": 262,
  "obligationCounts": {
    "PASS": 230,
    "BLOCKED": 24,
    "FAIL": 8
  },
  "recordedRate": 1,
  "completedCaseRate": 0.905511811023622,
  "passRateAllCases": 0.8740157480314961,
  "retryCount": 0,
  "definitions": {
    "recordedRate": "已产生实际执行或阻塞记录的业务用例/254；不等于测试完成率",
    "completedCaseRate": "(PASS+FAIL)/254；BLOCKED不算完成",
    "passRateAllCases": "PASS/254；不排除阻塞缩小分母"
  }
}
