✔ C2 offline entry: independent process loads only local key fields, random localhost port, sanitized logs and graceful lock release (179.926417ms)
ℹ {"childPid":82399,"exitCode":0,"serviceAddress":"http://127.0.0.1:55298","realGenerationCalls":0,"keyLogged":false,"ownerLockRemoved":true}
✔ C2 offline: actual backend tools and all four single-block decisions are compatible (131.359ms)
✔ C2 offline: invalid tool declarations and schemas stop before inference (12.567667ms)
✔ C2 offline: malformed requests and oversized histories do not buy inference (7.911292ms)
✔ C2 offline: interleaved runs preserve complete error history and idempotency keys without cross-run state (45.219792ms)
✔ C2 offline: persistent same-request replay and completed-history continuation survive adapter restart (46.957583ms)
✔ C2 offline: conflicting run histories, corrupt state, symlink state and a second writer fail closed (27.437208ms)
✔ C2 offline: malformed or multiple model decisions never become an invented completion (124.651833ms)
✔ C2 offline: audit pass/fail preserved, errors never grant permission and audit context stays separate (8.565875ms)
✔ C2 offline: same-run concurrent inference rejected and total live generations bounded to four (57.087ms)
✔ usage: real provider adapter records validated turn/audit attempts, cache adds no inference and missing/error usage stays unknown (92.090709ms)
✔ usage: provider timeout and cancellation each emit one failed attempt without invented zero usage (21.105583ms)
✔ usage: retention bounds count, bytes and age, cleans only owned crash temporary files and preserves private permissions (31.419875ms)
✔ usage: disabled config makes no files; unsafe storage and invalid config degrade with fixed diagnostics (0.933792ms)
✔ usage: optional journal write failure and bounded-queue overflow do not reject successful model responses (24.304625ms)
✔ QA C2 process: actual provider HTTP, complete history, replay, restart and usage with synthetic credentials (453.914959ms)
✔ QA C2 process: real HTTP status and invalid outputs preserve provider errors and known versus unknown usage (182.370625ms)
✔ QA C2 process: explicit offline and canonical numeric loopback origin required before resources are acquired (2228.378041ms)
✔ QA C2 process: redirects are rejected without a second request or fallback (181.442417ms)
✔ QA C2 process: exclusive owner, SIGINT release, crash lock and changed owner are preserved (731.706916ms)
✔ QA C2 process: graceful stop aborts actual in-flight provider request and settles usage (168.369209ms)
✔ QA C2 process: malformed HTTP status is safely rejected without killing service or retaining its lock (174.610542ms)
ℹ tests 22
ℹ suites 0
ℹ pass 22
ℹ fail 0
ℹ cancelled 0
ℹ skipped 0
ℹ todo 0
ℹ duration_ms 5379.797208
