TAP version 13
# Subtest: C1 validates gateway media URLs and the default retention
ok 1 - C1 validates gateway media URLs and the default retention
  ---
  duration_ms: 0.612208
  type: 'test'
  ...
# Subtest: C1 downloads once across duplicate events/workers and keeps message text
ok 2 - C1 downloads once across duplicate events/workers and keeps message text
  ---
  duration_ms: 179.059875
  type: 'test'
  ...
# database=kapibala_test_008da06608b24af5866bdbdba3c0680a files=/var/folders/j9/y00351wx0f717s6xgxrw8jgh0000gn/T/kapibala-media-uGq0dx
# Subtest: C1 transient failure retries later; expired URL, redirect, and oversized body remain unavailable
ok 3 - C1 transient failure retries later; expired URL, redirect, and oversized body remain unavailable
  ---
  duration_ms: 135.30375
  type: 'test'
  ...
# database=kapibala_test_32765d1525504044b1602cfe97d49150 files=/var/folders/j9/y00351wx0f717s6xgxrw8jgh0000gn/T/kapibala-media-RUPmQP
# Subtest: C1 timeout leaves no pointer and a replacement worker retries the interrupted body
ok 4 - C1 timeout leaves no pointer and a replacement worker retries the interrupted body
  ---
  duration_ms: 132.910542
  type: 'test'
  ...
# database=kapibala_test_1b95962f8e9245fc814071e8f21cd3d0 files=/var/folders/j9/y00351wx0f717s6xgxrw8jgh0000gn/T/kapibala-media-lCn1Ny
# Subtest: C1 own-message reconciliation preserves media attached before its acknowledgement
ok 5 - C1 own-message reconciliation preserves media attached before its acknowledgement
  ---
  duration_ms: 98.663041
  type: 'test'
  ...
# database=kapibala_test_b5e8c513e8a044fe91443f4455a8ae6a files=/var/folders/j9/y00351wx0f717s6xgxrw8jgh0000gn/T/kapibala-media-YFZdmW
# Subtest: C1 own-message acknowledgement and expiry cannot restore a deleted file pointer
ok 6 - C1 own-message acknowledgement and expiry cannot restore a deleted file pointer
  ---
  duration_ms: 114.030625
  type: 'test'
  ...
# database=kapibala_test_a9a8f4d87ade4eafb79e03f5ad48affe files=/var/folders/j9/y00351wx0f717s6xgxrw8jgh0000gn/T/kapibala-media-VuvYgh
# Subtest: C1 configured retention preserves younger files and rejects a changed storage root
ok 7 - C1 configured retention preserves younger files and rejects a changed storage root
  ---
  duration_ms: 224.82775
  type: 'test'
  ...
# database=kapibala_test_f8b660ef59db4092b10280420c9622b5 files=/var/folders/j9/y00351wx0f717s6xgxrw8jgh0000gn/T/kapibala-media-ZEB2Yp
# Subtest: C1 deletion clears message references and old cursor file availability without changing frozen content
ok 8 - C1 deletion clears message references and old cursor file availability without changing frozen content
  ---
  duration_ms: 145.128292
  type: 'test'
  ...
# database=kapibala_test_7394a7ce988041b6966c6d6b95b187a7 files=/var/folders/j9/y00351wx0f717s6xgxrw8jgh0000gn/T/kapibala-media-3TRToi
# Subtest: C1 durable references serialize with cleanup and protect paused running sessions after restart
ok 9 - C1 durable references serialize with cleanup and protect paused running sessions after restart
  ---
  duration_ms: 138.079959
  type: 'test'
  ...
# database=kapibala_test_30be99e64130414ba25f18a061c69cda files=/var/folders/j9/y00351wx0f717s6xgxrw8jgh0000gn/T/kapibala-media-r8GHFF
# Subtest: C1 actual Agent trigger and get_recent_messages register the files their messages reference
ok 10 - C1 actual Agent trigger and get_recent_messages register the files their messages reference
  ---
  duration_ms: 199.759167
  type: 'test'
  ...
# database=kapibala_test_419f1ca752be49fcbe5b1be31283ee96 files=/var/folders/j9/y00351wx0f717s6xgxrw8jgh0000gn/T/kapibala-media-VrKL1G
# Subtest: C1 cleanup winning the row lock prevents a new run from pinning an unavailable file
ok 11 - C1 cleanup winning the row lock prevents a new run from pinning an unavailable file
  ---
  duration_ms: 417.736792
  type: 'test'
  ...
# database=kapibala_test_8f0b03b7d0624a2d8f527b07970904e7 files=/var/folders/j9/y00351wx0f717s6xgxrw8jgh0000gn/T/kapibala-media-EtHZ2k
# Subtest: C1 SIGKILL during a streamed body discards its partial and retries on restart
ok 12 - C1 SIGKILL during a streamed body discards its partial and retries on restart
  ---
  duration_ms: 279.002208
  type: 'test'
  ...
# database=kapibala_test_a156eb1971d24738b1cc3a78162a016b files=/var/folders/j9/y00351wx0f717s6xgxrw8jgh0000gn/T/kapibala-media-8QJDrU
# confirmed SIGKILL with persisted partial; restarted body is complete and partial is gone
# Subtest: C1 SIGKILL at ready DB save recovers from the durable filesystem/intent boundary
ok 13 - C1 SIGKILL at ready DB save recovers from the durable filesystem/intent boundary
  ---
  duration_ms: 10274.403166
  type: 'test'
  ...
# database=kapibala_test_0d2d4a7fffab45219990476b7cbbc539 files=/var/folders/j9/y00351wx0f717s6xgxrw8jgh0000gn/T/kapibala-media-BIN89B
# confirmed child SIGKILL at ready; recovered state=ready; HTTP downloads=1
# Subtest: C1 SIGKILL at deleted DB save recovers from the durable filesystem/intent boundary
ok 14 - C1 SIGKILL at deleted DB save recovers from the durable filesystem/intent boundary
  ---
  duration_ms: 10289.187083
  type: 'test'
  ...
# database=kapibala_test_cf18e922df8b4539b2152cd3cf51cf8b files=/var/folders/j9/y00351wx0f717s6xgxrw8jgh0000gn/T/kapibala-media-04KPeM
# confirmed child SIGKILL at deleted; recovered state=deleted; HTTP downloads=1
1..14
# tests 14
# suites 0
# pass 14
# fail 0
# cancelled 0
# skipped 0
# todo 0
# duration_ms 22800.567625
