TAP version 13
# Subtest: C1 SIGKILL at rejected DB save recovers from the durable filesystem/intent boundary
not ok 1 - C1 SIGKILL at rejected DB save recovers from the durable filesystem/intent boundary
  ---
  duration_ms: 10329.213042
  type: 'test'
  location: '/Users/zcm/.codex/worktrees/architecture-runtime-boundaries/kapibala/tests/integration/media-files.test.ts:743:3'
  failureType: 'testCodeFailure'
  error: |-
    Expected values to be strictly equal:
    + actual - expected
    
    + 'unavailable'
    - 'deleted'
    
  code: 'ERR_ASSERTION'
  name: 'AssertionError'
  expected: 'deleted'
  actual: 'unavailable'
  operator: 'strictEqual'
  stack: |-
    TestContext.<anonymous> (/Users/zcm/.codex/worktrees/architecture-runtime-boundaries/kapibala/tests/integration/media-files.test.ts:870:14)
    process.processTicksAndRejections (node:internal/process/task_queues:104:5)
    async Test.run (node:internal/test_runner/test:1409:7)
    async startSubtestAfterBootstrap (node:internal/test_runner/harness:387:3)
  ...
# database=kapibala_test_5c613d1efec5478da8ce99dbc56921f9 files=/var/folders/j9/y00351wx0f717s6xgxrw8jgh0000gn/T/kapibala-media-gh08p2
# {"checkpoint":"ready","loweredMaxBytes":4,"state":"unavailable","runningPin":false,"fileStillExists":true,"localFilePath":null,"downloads":1}
# Subtest: C1 SIGKILL at rejected-pinned DB save recovers from the durable filesystem/intent boundary
not ok 2 - C1 SIGKILL at rejected-pinned DB save recovers from the durable filesystem/intent boundary
  ---
  duration_ms: 10262.523917
  type: 'test'
  location: '/Users/zcm/.codex/worktrees/architecture-runtime-boundaries/kapibala/tests/integration/media-files.test.ts:743:3'
  failureType: 'testCodeFailure'
  error: |-
    Expected values to be strictly equal:
    + actual - expected
    
    + 'unavailable'
    - 'deleting'
    
  code: 'ERR_ASSERTION'
  name: 'AssertionError'
  expected: 'deleting'
  actual: 'unavailable'
  operator: 'strictEqual'
  stack: |-
    TestContext.<anonymous> (/Users/zcm/.codex/worktrees/architecture-runtime-boundaries/kapibala/tests/integration/media-files.test.ts:858:16)
    process.processTicksAndRejections (node:internal/process/task_queues:104:5)
    async Test.run (node:internal/test_runner/test:1409:7)
    async Test.processPendingSubtests (node:internal/test_runner/test:974:7)
  ...
# database=kapibala_test_7306eda40cc54283a845c05e3a1d3db6 files=/var/folders/j9/y00351wx0f717s6xgxrw8jgh0000gn/T/kapibala-media-viJyuB
# {"checkpoint":"ready","loweredMaxBytes":4,"state":"unavailable","runningPin":true,"fileStillExists":true,"localFilePath":null,"downloads":1}
1..2
# tests 2
# suites 0
# pass 0
# fail 2
# cancelled 0
# skipped 0
# todo 0
# duration_ms 20846.368667
