✔ C2 offline: actual backend tools and all four single-block decisions are compatible (136.034708ms)
✔ C2 offline: invalid tool declarations and schemas stop before inference (13.948417ms)
✔ C2 offline: malformed requests and oversized histories do not buy inference (8.021041ms)
✔ C2 offline: interleaved runs preserve complete error history and idempotency keys without cross-run state (39.432208ms)
✔ C2 offline: persistent same-request replay and completed-history continuation survive adapter restart (44.463542ms)
✔ C2 offline: conflicting run histories, corrupt state, symlink state and a second writer fail closed (23.691125ms)
✔ C2 offline: malformed or multiple model decisions never become an invented completion (117.052625ms)
✔ C2 offline: audit pass/fail preserved, errors never grant permission and audit context stays separate (9.179584ms)
✔ C2 offline: same-run concurrent inference rejected and total live generations bounded to four (49.431041ms)
✔ C2 offline provider: official HTTPS request, header-only key, bounded JSON generation, no executable tools (8.563459ms)
✔ C2 offline provider: provider HTTP/auth/rate errors never reflect bodies or manufacture audit verdicts (1.060333ms)
✔ C2 offline provider: invalid JSON, multiple candidates, native tools, truncation and safety blocks fail explicitly (1.44675ms)
✔ C2 offline provider: actual abort signals stop bounded wait; no hidden automatic retry (31.934583ms)
ℹ tests 13
ℹ suites 0
ℹ pass 13
ℹ fail 0
ℹ cancelled 0
ℹ skipped 0
ℹ todo 0
ℹ duration_ms 617.415875
