✔ C2 offline entry: independent process loads only local key fields, random localhost port, sanitized logs and graceful lock release (205.067041ms)
ℹ {"childPid":48218,"exitCode":0,"serviceAddress":"http://127.0.0.1:59450","realGenerationCalls":0,"keyLogged":false,"ownerLockRemoved":true}
✔ C2 offline: actual backend tools and all four single-block decisions are compatible (135.593625ms)
✔ C2 offline: invalid tool declarations and schemas stop before inference (12.659792ms)
✔ C2 offline: malformed requests and oversized histories do not buy inference (8.724584ms)
✔ C2 offline: interleaved runs preserve complete error history and idempotency keys without cross-run state (54.125625ms)
✔ C2 offline: persistent same-request replay and completed-history continuation survive adapter restart (44.596208ms)
✔ C2 offline: conflicting run histories, corrupt state, symlink state and a second writer fail closed (24.866334ms)
✔ C2 offline: malformed or multiple model decisions never become an invented completion (119.532291ms)
✔ C2 offline: audit pass/fail preserved, errors never grant permission and audit context stays separate (7.715875ms)
✔ C2 offline: same-run concurrent inference rejected and total live generations bounded to four (50.417875ms)
✔ C2 offline provider: official HTTPS request, header-only key, bounded JSON generation, no executable tools (8.439041ms)
✔ C2 offline provider: provider HTTP/auth/rate errors never reflect bodies or manufacture audit verdicts (1.3455ms)
✔ C2 offline provider: invalid JSON, multiple candidates, native tools, truncation and safety blocks fail explicitly (3.241583ms)
✔ C2 offline provider: actual abort signals stop bounded wait; no hidden automatic retry (32.159166ms)
ℹ tests 14
ℹ suites 0
ℹ pass 14
ℹ fail 0
ℹ cancelled 0
ℹ skipped 0
ℹ todo 0
ℹ duration_ms 600.858208
