▶ completed invalid finish recovery honors cancellation and execution limits
  ✔ cancelled (76.09375ms)
  ✔ wall_clock (47.23825ms)
  ✔ budget_exhausted (67.386333ms)
  ✔ protocol_errors (70.254958ms)
✔ completed invalid finish recovery honors cancellation and execution limits (354.142833ms)
✔ activity budget interrupts a late turn and discards the eventual response (340.311583ms)
✔ activity budget expires during audit without authorizing the prepared tool (350.408417ms)
✔ a stale scheduler transaction cannot enqueue after its ownership connection is lost (73.006125ms)
✔ queued runs persist online activity across a real shutdown without counting downtime or a second clock (2808.445708ms)
✔ a follower cannot execute against a stale activity base while the new clock owner initializes (1435.34475ms)
✔ an initialization follower takes over after the blocked clock owner connection is terminated (2055.459333ms)
✔ frequent activity samples retain subinterval time instead of losing rounded milliseconds (38.162125ms)
✔ activity clock survives loss of its own PostgreSQL session and only bills once after takeover (1528.314292ms)
ℹ tests 13
ℹ suites 0
ℹ pass 13
ℹ fail 0
ℹ cancelled 0
ℹ skipped 0
ℹ todo 0
ℹ duration_ms 9192.176541
