TAP version 13
# Subtest: platform fixture: migration failure still releases acquired resources
ok 1 - platform fixture: migration failure still releases acquired resources
  ---
  duration_ms: 84.512584
  type: 'test'
  ...
# Subtest: platform fixture: simulator startup failure still releases acquired resources
ok 2 - platform fixture: simulator startup failure still releases acquired resources
  ---
  duration_ms: 176.920583
  type: 'test'
  ...
# Subtest: platform fixture: app startup failure still releases acquired resources
ok 3 - platform fixture: app startup failure still releases acquired resources
  ---
  duration_ms: 140.006417
  type: 'test'
  ...
# Subtest: platform: audited kick confirms 504 and propagates permission errors without account mutation
ok 4 - platform: audited kick confirms 504 and propagates permission errors without account mutation
  ---
  duration_ms: 8399.49975
  type: 'test'
  ...
1..4
# tests 4
# suites 0
# pass 4
# fail 0
# cancelled 0
# skipped 0
# todo 0
# duration_ms 9001.968084
