TAP version 13
# {"component":"postgres","event":"idle_connection_error","message":"terminating connection due to administrator command"}
# Subtest: Agent kick waits for local capacity without failing, repeating audit, or dispatching twice
ok 1 - Agent kick waits for local capacity without failing, repeating audit, or dispatching twice
  ---
  duration_ms: 400.932583
  type: 'test'
  ...
# Independent database: kapibala_test_a2d676cd08514b4b809b1d114607c5a2
# Subtest: Agent capacity wait keeps the original activity budget and does not invent an unknown kick
ok 2 - Agent capacity wait keeps the original activity budget and does not invent an unknown kick
  ---
  duration_ms: 1313.843041
  type: 'test'
  ...
# Independent database: kapibala_test_212307e585894be48d270ff4c1f2ff4d
# Subtest: Agent rechecks kick policy after capacity refusal and preserves the recorded audit
ok 3 - Agent rechecks kick policy after capacity refusal and preserves the recorded audit
  ---
  duration_ms: 219.576166
  type: 'test'
  ...
# Independent database: kapibala_test_388a2ba3cac84ad8b08902ed88eec1f1
# Subtest: Agent cancellation while waiting for capacity ends after the current step without another turn
ok 4 - Agent cancellation while waiting for capacity ends after the current step without another turn
  ---
  duration_ms: 214.68725
  type: 'test'
  ...
# Independent database: kapibala_test_568e9b09ad5141548d4f62d36e64fb13
1..4
# tests 4
# suites 0
# pass 4
# fail 0
# cancelled 0
# skipped 0
# todo 0
# duration_ms 2291.622416
