npm notice run kapibala-independent-qa@0.1.0 check:suites
npm notice run tsx harness/suites-check.ts
{
  "productExecuted": false,
  "purpose": "仅解析共享用例ID并核对Playwright --list；不启动fixture或产品",
  "reportBoundary": "开发预跑结果不得转为正式验收；未执行用例继续NOT_RUN",
  "suites": [
    {
      "id": "developer-smoke",
      "title": "开发提测前基础流程检查",
      "purpose": "用现有QA标准检查健康、登录与权限、注销、基本消息投递和合法序列流程。",
      "caseIds": [
        "AUTH-001",
        "AUTH-002",
        "AUTH-003",
        "AUTH-006",
        "MSG-001",
        "SEQ-001"
      ],
      "projects": [
        "system"
      ],
      "riskBoundaries": [
        "仅选短流程；不含15分钟token到期、60秒预算、故障杀进程、重启恢复、OPS或blocked用例。",
        "每条仍使用隔离进程、数据库和协议桩；短流程不是无副作用dry-run，实际执行仍须有效预跑授权。",
        "不覆盖完整异常矩阵、UI兼容、生产性能或外部协议强保证；通过不能替代正式验收。"
      ],
      "grep": "(?:^|\\s)\\[(?:AUTH-001|AUTH-002|AUTH-003|AUTH-006|MSG-001|SEQ-001)\\](?=\\s|$)",
      "cases": [
        {
          "id": "AUTH-001",
          "title": "health, login and UTC account contract",
          "automation": "tests/api/auth.spec.ts",
          "projects": [
            "system"
          ]
        },
        {
          "id": "AUTH-002",
          "title": "protected reads reject missing and invalid credentials",
          "automation": "tests/api/auth.spec.ts",
          "projects": [
            "system"
          ]
        },
        {
          "id": "AUTH-003",
          "title": "viewer cannot execute any original business write endpoint",
          "automation": "tests/api/auth.spec.ts",
          "projects": [
            "system"
          ]
        },
        {
          "id": "AUTH-006",
          "title": "logout invalidates the existing access token immediately",
          "automation": "tests/api/auth.spec.ts",
          "projects": [
            "system"
          ]
        },
        {
          "id": "MSG-001",
          "title": "accepted is observable until message_sent and own echo stays one row",
          "automation": "tests/api/messages.spec.ts",
          "projects": [
            "system"
          ]
        },
        {
          "id": "SEQ-001",
          "title": "variables inherit latest nonempty override with original source",
          "automation": "tests/system/sequence.spec.ts",
          "projects": [
            "system"
          ]
        }
      ]
    },
    {
      "id": "architecture-regression",
      "title": "架构局部改进公开行为回归",
      "purpose": "引用已登记的序列API/UI契约、暂时读取恢复和公开并发/审计交错专项。",
      "caseIds": [
        "ARC-API-001",
        "ARC-API-002",
        "ARC-API-003",
        "ARC-UI-001",
        "ARC-UI-002",
        "ARC-UI-003",
        "ARC-UI-004",
        "ARC-UI-005",
        "ARC-UI-006",
        "ARC-UI-007",
        "ARC-UI-008",
        "ARC-UI-009",
        "ARC-UI-010",
        "ARC-UI-011",
        "ARC-UI-012",
        "ARC-UI-013",
        "ARC-UI-014",
        "ARC-UI-015",
        "ARC-UI-016",
        "ARC-UI-017",
        "ARC-UI-018",
        "CAP-REG-001",
        "CAP-REG-002",
        "CAP-REG-003",
        "CAP-REG-004"
      ],
      "projects": [
        "system",
        "chromium"
      ],
      "riskBoundaries": [
        "只选择当前mode=automated的用例；自动化用例仍可能因缺浏览器、公开策略或适配前提而真实BLOCKED。",
        "CAP-REG仅证明公开并发和审计前后边界，不证明触达容量拒绝；CAP-001..010的观测阻塞不因本子集通过而关闭。",
        "当前只选Chromium，不宣称Firefox/WebKit或跨标签认证均已验证。",
        "不含产品私有helper测试、生产负载或任意崩溃强恢复；实现参数不变成原始硬性业务指标。"
      ],
      "grep": "(?:^|\\s)\\[(?:ARC-API-001|ARC-API-002|ARC-API-003|ARC-UI-001|ARC-UI-002|ARC-UI-003|ARC-UI-004|ARC-UI-005|ARC-UI-006|ARC-UI-007|ARC-UI-008|ARC-UI-009|ARC-UI-010|ARC-UI-011|ARC-UI-012|ARC-UI-013|ARC-UI-014|ARC-UI-015|ARC-UI-016|ARC-UI-017|ARC-UI-018|CAP-REG-001|CAP-REG-002|CAP-REG-003|CAP-REG-004)\\](?=\\s|$)",
      "cases": [
        {
          "id": "ARC-API-001",
          "title": "序列定义的独立严格输入矩阵",
          "automation": "tests/api/sequence-contracts.spec.ts",
          "projects": [
            "system"
          ]
        },
        {
          "id": "ARC-API-002",
          "title": "序列启动的键类型边界与失败后可重试",
          "automation": "tests/api/sequence-contracts.spec.ts",
          "projects": [
            "system"
          ]
        },
        {
          "id": "ARC-API-003",
          "title": "序列启动缺省变量对象兼容",
          "automation": "tests/api/sequence-contracts.spec.ts",
          "projects": [
            "system"
          ]
        },
        {
          "id": "ARC-UI-001",
          "title": "序列定义额外字段明确拒绝而非静默剥离",
          "automation": "tests/ui/architecture.spec.ts",
          "projects": [
            "chromium"
          ]
        },
        {
          "id": "ARC-UI-002",
          "title": "非连续或重复步号在浏览器阻止提交",
          "automation": "tests/ui/architecture.spec.ts",
          "projects": [
            "chromium"
          ]
        },
        {
          "id": "ARC-UI-003",
          "title": "已登记序列尺寸边界在浏览器明确拒绝",
          "automation": "tests/ui/architecture.spec.ts",
          "projects": [
            "chromium"
          ]
        },
        {
          "id": "ARC-UI-004",
          "title": "vars和stepVars非法键值不发预检或启动请求",
          "automation": "tests/ui/architecture.spec.ts",
          "projects": [
            "chromium"
          ]
        },
        {
          "id": "ARC-UI-005",
          "title": "合法序列一次保存并保留公开输入行为",
          "automation": "tests/ui/architecture.spec.ts",
          "projects": [
            "chromium"
          ]
        },
        {
          "id": "ARC-UI-006",
          "title": "序列写请求503失败不自动重放",
          "automation": "tests/ui/architecture.spec.ts",
          "projects": [
            "chromium"
          ]
        },
        {
          "id": "ARC-UI-007",
          "title": "无后续事件或轮询时两次503后自动呈现",
          "automation": "tests/ui/architecture.spec.ts",
          "projects": [
            "chromium"
          ]
        },
        {
          "id": "ARC-UI-008",
          "title": "权限403不形成资源请求风暴",
          "automation": "tests/ui/architecture.spec.ts",
          "projects": [
            "chromium"
          ]
        },
        {
          "id": "ARC-UI-009",
          "title": "429不无视限流进行通用重试",
          "automation": "tests/ui/architecture.spec.ts",
          "projects": [
            "chromium"
          ]
        },
        {
          "id": "ARC-UI-010",
          "title": "请求校验400不自动重试",
          "automation": "tests/ui/architecture.spec.ts",
          "projects": [
            "chromium"
          ]
        },
        {
          "id": "ARC-UI-011",
          "title": "成功HTTP的非法响应格式不按502临时错误重试",
          "automation": "tests/ui/architecture.spec.ts",
          "projects": [
            "chromium"
          ]
        },
        {
          "id": "ARC-UI-012",
          "title": "持续暂时失败耗尽后停止自动读取",
          "automation": "tests/ui/architecture.spec.ts",
          "projects": [
            "chromium"
          ]
        },
        {
          "id": "ARC-UI-013",
          "title": "切页取消旧读取及后续退避",
          "automation": "tests/ui/architecture.spec.ts",
          "projects": [
            "chromium"
          ]
        },
        {
          "id": "ARC-UI-014",
          "title": "换身份期间旧读取迟到不能覆盖新会话",
          "automation": "tests/ui/architecture.spec.ts",
          "projects": [
            "chromium"
          ]
        },
        {
          "id": "ARC-UI-015",
          "title": "耗尽后显式同页刷新可开始新一轮",
          "automation": "tests/ui/architecture.spec.ts",
          "projects": [
            "chromium"
          ]
        },
        {
          "id": "ARC-UI-016",
          "title": "错误后离页取消退避期间的后续读取",
          "automation": "tests/ui/architecture.spec.ts",
          "projects": [
            "chromium"
          ]
        },
        {
          "id": "ARC-UI-017",
          "title": "在途读取期间多个实时失效合并且不能延长失败预算",
          "automation": "tests/ui/architecture.spec.ts",
          "projects": [
            "chromium"
          ]
        },
        {
          "id": "ARC-UI-018",
          "title": "网络失败及其他已登记暂时HTTP错误均可自动恢复",
          "automation": "tests/ui/architecture.spec.ts",
          "projects": [
            "chromium"
          ]
        },
        {
          "id": "CAP-REG-001",
          "title": "不同群同名目标的重叠 kick 保持各自审计、步骤和副作用唯一",
          "automation": "tests/system/capacity.spec.ts",
          "projects": [
            "system"
          ]
        },
        {
          "id": "CAP-REG-002",
          "title": "审计等待期间关闭 autoKick 后不得继续派发",
          "automation": "tests/system/capacity.spec.ts",
          "projects": [
            "system"
          ]
        },
        {
          "id": "CAP-REG-003",
          "title": "审计等待后重新检查执行账号在线状态",
          "automation": "tests/system/capacity.spec.ts",
          "projects": [
            "system"
          ]
        },
        {
          "id": "CAP-REG-004",
          "title": "审计等待后成员身份和管理员角色均重新检查",
          "automation": "tests/system/capacity.spec.ts",
          "projects": [
            "system"
          ]
        }
      ]
    },
    {
      "id": "sequence-failure-regression",
      "title": "普通序列失败终止及既有例外回归",
      "purpose": "依据QA-D6新裁定预跑普通失败后停止，并同时检查原跳过、限流等待和群不可写规则。",
      "caseIds": [
        "BLK-SPEC-002",
        "SEQ-006",
        "SEQ-007",
        "SEQ-008",
        "SEQ-010"
      ],
      "projects": [
        "system"
      ],
      "riskBoundaries": [
        "BLK-SPEC-002含两码首中末六个子场景、中间失败后的进程重启，以及unknown查询不可用恢复后失败组合；保留同一用例数据库与外部事实。",
        "包括限流和故障注入，仍需独立环境及绑定本子集的后续执行授权；本次仅准备，不执行产品。",
        "不覆盖全部序列排期、变量、UI、其他恢复窗口或生产上线指标；通过仅为开发预跑结论。"
      ],
      "grep": "(?:^|\\s)\\[(?:BLK-SPEC-002|SEQ-006|SEQ-007|SEQ-008|SEQ-010)\\](?=\\s|$)",
      "cases": [
        {
          "id": "BLK-SPEC-002",
          "title": "普通序列发送失败终止整run且重启后不发送后续步骤",
          "automation": "tests/system/sequence-failure-policy.spec.ts",
          "projects": [
            "system"
          ]
        },
        {
          "id": "SEQ-006",
          "title": "unavailable member step is skipped with timestamp and progress continues",
          "automation": "tests/system/sequence.spec.ts",
          "projects": [
            "system"
          ]
        },
        {
          "id": "SEQ-007",
          "title": "rate-limited role waits rather than skips and preserves later delays",
          "automation": "tests/system/sequence.spec.ts",
          "projects": [
            "system"
          ]
        },
        {
          "id": "SEQ-008",
          "title": "group write prohibition stops sequence while account remains online",
          "automation": "tests/system/sequence.spec.ts",
          "projects": [
            "system"
          ]
        },
        {
          "id": "SEQ-010",
          "title": "terminal account skips its queued sequence step and advances progress",
          "automation": "tests/system/sequence.spec.ts",
          "projects": [
            "system"
          ]
        }
      ]
    },
    {
      "id": "browser-adapter-regression",
      "title": "浏览器接入校正定向复测",
      "purpose": "在保留首轮原始结果后，用独立冻结的复测适配器核验页面导航、日期及过期提示定位；仅引用正式用例，不复制断言。",
      "caseIds": [
        "UI-001",
        "UI-003",
        "UI-006",
        "UI-009",
        "UI-010",
        "UI-012",
        "UI-013",
        "UI-015",
        "UI-017",
        "UI-019",
        "UI-022",
        "UI-023",
        "UI-029",
        "UI-030",
        "UI-032",
        "UI-036",
        "ARC-UI-004",
        "ARC-UI-015",
        "ARC-UI-BLK-001"
      ],
      "projects": [
        "chromium",
        "firefox-smoke",
        "webkit-smoke"
      ],
      "riskBoundaries": [
        "使用config/ui-adapter-0af6443-retest.json的ui与另行绑定的ObservationFixture冻结新target/授权，绝不替换运行中的资产。",
        "全部所选用例在Chromium运行，Firefox/WebKit只执行原有@compat用例UI-001/003/006；不声称全量跨浏览器覆盖。",
        "定位校正及序列导航/同文档卸载前提不改变需求断言。首轮QA工具错误不代表产品通过，需独立复测证据才能出结论。",
        "原本缺少纯恢复或独立确认入口的ARC-UI-015/UI-032仍可BLOCKED；不增加生产控件要求、不用整页重载或force穿透模态。",
        "该suite是QA维护的稳定子集入口；开发预跑模式的结果不能充当正式业务验收，正式复测须由当前执行用途的授权与报告登记。"
      ],
      "grep": "(?:^|\\s)\\[(?:UI-001|UI-003|UI-006|UI-009|UI-010|UI-012|UI-013|UI-015|UI-017|UI-019|UI-022|UI-023|UI-029|UI-030|UI-032|UI-036|ARC-UI-004|ARC-UI-015|ARC-UI-BLK-001)\\](?=\\s|$)",
      "cases": [
        {
          "id": "UI-001",
          "title": "viewer登录后各页不提供业务写入口",
          "automation": "tests/ui/console.spec.ts",
          "projects": [
            "chromium",
            "firefox-smoke",
            "webkit-smoke"
          ]
        },
        {
          "id": "UI-003",
          "title": "群角色及消息回流只显示一行",
          "automation": "tests/ui/console.spec.ts",
          "projects": [
            "chromium",
            "firefox-smoke",
            "webkit-smoke"
          ]
        },
        {
          "id": "UI-006",
          "title": "前端断线3秒内补齐",
          "automation": "tests/ui/console.spec.ts",
          "projects": [
            "chromium",
            "firefox-smoke",
            "webkit-smoke"
          ]
        },
        {
          "id": "UI-009",
          "title": "序列预检变量继承与来源",
          "automation": "tests/ui/console.spec.ts",
          "projects": [
            "chromium"
          ]
        },
        {
          "id": "UI-010",
          "title": "序列预检错误定位",
          "automation": "tests/ui/console.spec.ts",
          "projects": [
            "chromium"
          ]
        },
        {
          "id": "UI-012",
          "title": "群资料纯文本呈现",
          "automation": "tests/ui/console.spec.ts",
          "projects": [
            "chromium"
          ]
        },
        {
          "id": "UI-013",
          "title": "编辑表单dirty关闭保护",
          "automation": "tests/ui/console.spec.ts",
          "projects": [
            "chromium"
          ]
        },
        {
          "id": "UI-015",
          "title": "冲突必须明确再次确认",
          "automation": "tests/ui/console.spec.ts",
          "projects": [
            "chromium"
          ]
        },
        {
          "id": "UI-017",
          "title": "多页过期和原子刷新",
          "automation": "tests/ui/console.spec.ts",
          "projects": [
            "chromium"
          ]
        },
        {
          "id": "UI-019",
          "title": "首次错误与成功空结果区分",
          "automation": "tests/ui/console.spec.ts",
          "projects": [
            "chromium"
          ]
        },
        {
          "id": "UI-022",
          "title": "创建表单关闭保护",
          "automation": "tests/ui/console.spec.ts",
          "projects": [
            "chromium"
          ]
        },
        {
          "id": "UI-023",
          "title": "简介两行纯文本摘要与完整详情",
          "automation": "tests/ui/console.spec.ts",
          "projects": [
            "chromium"
          ]
        },
        {
          "id": "UI-029",
          "title": "加载失败不冒称已确认",
          "automation": "tests/ui/console.spec.ts",
          "projects": [
            "chromium"
          ]
        },
        {
          "id": "UI-030",
          "title": "列表范围消失的两阶段确认",
          "automation": "tests/ui/console.spec.ts",
          "projects": [
            "chromium"
          ]
        },
        {
          "id": "UI-032",
          "title": "提示确认与目录过期相互独立",
          "automation": "tests/ui/console.spec.ts",
          "projects": [
            "chromium"
          ]
        },
        {
          "id": "UI-036",
          "title": "编辑卸载迟到结果隔离",
          "automation": "tests/ui/console.spec.ts",
          "projects": [
            "chromium"
          ]
        },
        {
          "id": "ARC-UI-004",
          "title": "vars和stepVars非法键值不发预检或启动请求",
          "automation": "tests/ui/architecture.spec.ts",
          "projects": [
            "chromium"
          ]
        },
        {
          "id": "ARC-UI-015",
          "title": "耗尽后显式同页刷新可开始新一轮",
          "automation": "tests/ui/architecture.spec.ts",
          "projects": [
            "chromium"
          ]
        },
        {
          "id": "ARC-UI-BLK-001",
          "title": "通用资源读取失败不能提交成功快照或提前确认未呈现提醒",
          "automation": "tests/ui/observation-boundaries.spec.ts",
          "projects": [
            "chromium"
          ]
        }
      ]
    },
    {
      "id": "final-integration-smoke",
      "title": "最终候选组合环境联调冒烟",
      "purpose": "对固定候选验证生产浏览器、三类工程控制器、schema夹具及已修正Agent协议前提后进入完整业务验收。",
      "caseIds": [
        "AUTH-001",
        "AUTH-003",
        "MSG-001",
        "SEQ-001",
        "GROUP-009",
        "AGENT-001",
        "CAP-001",
        "INT-MSG-006",
        "INT-ACCOUNT-001",
        "INT-DIAG-002",
        "BASE-001",
        "BLK-MIG-001",
        "UI-037",
        "UI-001",
        "ARC-UI-007"
      ],
      "projects": [
        "system",
        "chromium"
      ],
      "riskBoundaries": [
        "仅引用正式用例；开发预跑结果单列，不能代替随后完整业务验收。",
        "包含真实故障、数据库恢复和生产构建浏览器；要求固定完整SHA、独立资源和现有用户授权重新绑定。",
        "任何FAIL/BLOCKED保留并进入正式报告，不因冒烟问题停止其余独立用例或放宽标准。"
      ],
      "grep": "(?:^|\\s)\\[(?:AUTH-001|AUTH-003|MSG-001|SEQ-001|GROUP-009|AGENT-001|CAP-001|INT-MSG-006|INT-ACCOUNT-001|INT-DIAG-002|BASE-001|BLK-MIG-001|UI-037|UI-001|ARC-UI-007)\\](?=\\s|$)",
      "cases": [
        {
          "id": "AUTH-001",
          "title": "health, login and UTC account contract",
          "automation": "tests/api/auth.spec.ts",
          "projects": [
            "system"
          ]
        },
        {
          "id": "AUTH-003",
          "title": "viewer cannot execute any original business write endpoint",
          "automation": "tests/api/auth.spec.ts",
          "projects": [
            "system"
          ]
        },
        {
          "id": "MSG-001",
          "title": "accepted is observable until message_sent and own echo stays one row",
          "automation": "tests/api/messages.spec.ts",
          "projects": [
            "system"
          ]
        },
        {
          "id": "SEQ-001",
          "title": "variables inherit latest nonempty override with original source",
          "automation": "tests/system/sequence.spec.ts",
          "projects": [
            "system"
          ]
        },
        {
          "id": "GROUP-009",
          "title": "ALREADY_MEMBER confirms existing membership without waiting for another event",
          "automation": "tests/api/groups.spec.ts",
          "projects": [
            "system"
          ]
        },
        {
          "id": "AGENT-001",
          "title": "four schema-complete tools and correct trigger context keep one run identity",
          "automation": "tests/system/agent.spec.ts",
          "projects": [
            "system"
          ]
        },
        {
          "id": "CAP-001",
          "title": "确证容量拒绝后零远端且释放后同一步只审计/踢人一次",
          "automation": "tests/system/capacity-control.spec.ts",
          "projects": [
            "system"
          ]
        },
        {
          "id": "INT-MSG-006",
          "title": "已识别504后延迟本地保存仍从原接收起按5秒确定状态",
          "automation": "tests/system/integration-message-boundaries.spec.ts",
          "projects": [
            "system"
          ]
        },
        {
          "id": "INT-ACCOUNT-001",
          "title": "远端成功后的局部保存暂错在原事务恢复，新断开不被旧连接覆盖",
          "automation": "tests/system/integration-runtime.spec.ts",
          "projects": [
            "system"
          ]
        },
        {
          "id": "INT-DIAG-002",
          "title": "真实tick失败、进行中保持与恢复诊断及错误样本脱敏",
          "automation": "tests/system/integration-runtime.spec.ts",
          "projects": [
            "system"
          ]
        },
        {
          "id": "BASE-001",
          "title": "全新未迁移schema拒启",
          "automation": "tests/foundation/startup.spec.ts",
          "projects": [
            "system"
          ]
        },
        {
          "id": "BLK-MIG-001",
          "title": "已有历史schema低于候选时明确拒启且不改变结构数据",
          "automation": "tests/system/fixture-boundaries.spec.ts",
          "projects": [
            "system"
          ]
        },
        {
          "id": "UI-037",
          "title": "目录微秒及同时间ID跨页边界的确定性数据夹具",
          "automation": "tests/system/fixture-boundaries.spec.ts",
          "projects": [
            "system"
          ]
        },
        {
          "id": "UI-001",
          "title": "viewer登录后各页不提供业务写入口",
          "automation": "tests/ui/console.spec.ts",
          "projects": [
            "chromium"
          ]
        },
        {
          "id": "ARC-UI-007",
          "title": "无后续事件或轮询时两次503后自动呈现",
          "automation": "tests/ui/architecture.spec.ts",
          "projects": [
            "chromium"
          ]
        }
      ]
    },
    {
      "id": "qa-premise-retest-20261001",
      "title": "QA前提纠正后的原版本定向复测",
      "purpose": "独立复测当前步取消、真实群不可写、目录回放/分页、并发401和移除工具焦点仿真后的提醒场景；引用正式用例，不改原全量结果。",
      "caseIds": [
        "CAP-002",
        "CAP-005",
        "UI-011",
        "UI-020",
        "UI-021",
        "UI-024",
        "UI-025",
        "UI-028",
        "UI-029",
        "UI-030",
        "UI-031",
        "UI-032",
        "UI-033",
        "UI-034",
        "UI-035",
        "ARC-UI-BLK-001"
      ],
      "projects": [
        "system",
        "chromium"
      ],
      "riskBoundaries": [
        "只对86ad原版本纠正QA场景前提；不继承旧PASS，不覆盖完整业务或上线门禁。",
        "实际独立数据库、公开协议、真实故障控制器与浏览器；每项目首次运行，原失败留存。",
        "有头Chromium移除Playwright默认always-focused仿真，使用真实原生标签焦点；不证明OS跨应用或输入法人工义务。"
      ],
      "grep": "(?:^|\\s)\\[(?:CAP-002|CAP-005|UI-011|UI-020|UI-021|UI-024|UI-025|UI-028|UI-029|UI-030|UI-031|UI-032|UI-033|UI-034|UI-035|ARC-UI-BLK-001)\\](?=\\s|$)",
      "cases": [
        {
          "id": "CAP-002",
          "title": "容量拒绝后关闭 Agent，原当前步完成后取消且无后续工作",
          "automation": "tests/system/capacity-control.spec.ts",
          "projects": [
            "system"
          ]
        },
        {
          "id": "CAP-005",
          "title": "容量等待期间群变不可写阻止迟发踢人",
          "automation": "tests/system/capacity-control.spec.ts",
          "projects": [
            "system"
          ]
        },
        {
          "id": "UI-011",
          "title": "前端并发401单次续期",
          "automation": "tests/ui/console.spec.ts",
          "projects": [
            "chromium"
          ]
        },
        {
          "id": "UI-020",
          "title": "失焦提醒和呈现后确认",
          "automation": "tests/ui/console.spec.ts",
          "projects": [
            "chromium"
          ]
        },
        {
          "id": "UI-021",
          "title": "路由范围销毁",
          "automation": "tests/ui/console.spec.ts",
          "projects": [
            "chromium"
          ]
        },
        {
          "id": "UI-024",
          "title": "单页五秒轮询及并发失效合并",
          "automation": "tests/ui/console.spec.ts",
          "projects": [
            "chromium"
          ]
        },
        {
          "id": "UI-025",
          "title": "返回恢复内存条件分页位置及刷新清空",
          "automation": "tests/ui/console.spec.ts",
          "projects": [
            "chromium"
          ]
        },
        {
          "id": "UI-028",
          "title": "前台安静与失焦静态标题favicon",
          "automation": "tests/ui/console.spec.ts",
          "projects": [
            "chromium"
          ]
        },
        {
          "id": "UI-029",
          "title": "加载失败不冒称已确认",
          "automation": "tests/ui/console.spec.ts",
          "projects": [
            "chromium"
          ]
        },
        {
          "id": "UI-030",
          "title": "列表范围消失的两阶段确认",
          "automation": "tests/ui/console.spec.ts",
          "projects": [
            "chromium"
          ]
        },
        {
          "id": "UI-031",
          "title": "变化后回原值保留期间变化候选",
          "automation": "tests/ui/console.spec.ts",
          "projects": [
            "chromium"
          ]
        },
        {
          "id": "UI-032",
          "title": "提示确认与目录过期相互独立",
          "automation": "tests/ui/console.spec.ts",
          "projects": [
            "chromium"
          ]
        },
        {
          "id": "UI-033",
          "title": "本地手动clientMsgId及早回流归属",
          "automation": "tests/ui/console.spec.ts",
          "projects": [
            "chromium"
          ]
        },
        {
          "id": "UI-034",
          "title": "Agent自动消息失焦提醒",
          "automation": "tests/ui/console.spec.ts",
          "projects": [
            "chromium"
          ]
        },
        {
          "id": "UI-035",
          "title": "序列自动消息失焦提醒",
          "automation": "tests/ui/console.spec.ts",
          "projects": [
            "chromium"
          ]
        },
        {
          "id": "ARC-UI-BLK-001",
          "title": "通用资源读取失败不能提交成功快照或提前确认未呈现提醒",
          "automation": "tests/ui/observation-boundaries.spec.ts",
          "projects": [
            "chromium"
          ]
        }
      ]
    },
    {
      "id": "utf16-remediation-retest-20261001",
      "title": "资料长度修复独立回归",
      "purpose": "以原UTF-16公开契约验证资料边界及关联编辑、冲突和页面行为。",
      "caseIds": [
        "BLK-SPEC-006",
        "EXT-001",
        "EXT-002",
        "EXT-008",
        "EXT-009",
        "EXT-010",
        "EXT-012",
        "UI-012",
        "UI-013",
        "UI-015",
        "UI-022"
      ],
      "projects": [
        "system",
        "chromium"
      ],
      "riskBoundaries": [
        "固定a6b14e7，独立复测既有业务标准，研发自测不计入QA结果。",
        "仅资料改动及依赖公开流程；不声明新版本已全量复测，不覆盖上线评估。"
      ],
      "grep": "(?:^|\\s)\\[(?:BLK-SPEC-006|EXT-001|EXT-002|EXT-008|EXT-009|EXT-010|EXT-012|UI-012|UI-013|UI-015|UI-022)\\](?=\\s|$)",
      "cases": [
        {
          "id": "BLK-SPEC-006",
          "title": "资料版本化输入规则、工具公开schema一致性及明确字节上限",
          "automation": "tests/system/spec-boundaries.spec.ts",
          "projects": [
            "system"
          ]
        },
        {
          "id": "EXT-001",
          "title": "群资料可选、局部编辑及简介清空",
          "automation": "tests/extensions/api.spec.ts",
          "projects": [
            "system"
          ]
        },
        {
          "id": "EXT-002",
          "title": "viewer资料越权拒绝",
          "automation": "tests/extensions/api.spec.ts",
          "projects": [
            "system"
          ]
        },
        {
          "id": "EXT-008",
          "title": "同字段并发原值竞争",
          "automation": "tests/extensions/api.spec.ts",
          "projects": [
            "system"
          ]
        },
        {
          "id": "EXT-009",
          "title": "冲突请求无部分副作用",
          "automation": "tests/extensions/api.spec.ts",
          "projects": [
            "system"
          ]
        },
        {
          "id": "EXT-010",
          "title": "异字段并发及旧请求兼容",
          "automation": "tests/extensions/api.spec.ts",
          "projects": [
            "system"
          ]
        },
        {
          "id": "EXT-012",
          "title": "资料跨重启持久性",
          "automation": "tests/extensions/api.spec.ts",
          "projects": [
            "system"
          ]
        },
        {
          "id": "UI-012",
          "title": "群资料纯文本呈现",
          "automation": "tests/ui/console.spec.ts",
          "projects": [
            "chromium"
          ]
        },
        {
          "id": "UI-013",
          "title": "编辑表单dirty关闭保护",
          "automation": "tests/ui/console.spec.ts",
          "projects": [
            "chromium"
          ]
        },
        {
          "id": "UI-015",
          "title": "冲突必须明确再次确认",
          "automation": "tests/ui/console.spec.ts",
          "projects": [
            "chromium"
          ]
        },
        {
          "id": "UI-022",
          "title": "创建表单关闭保护",
          "automation": "tests/ui/console.spec.ts",
          "projects": [
            "chromium"
          ]
        }
      ]
    },
    {
      "id": "utf16-remediation-api-20261001",
      "title": "资料长度修复独立回归（API）",
      "purpose": "以原UTF-16公开契约验证资料边界及关联编辑、冲突和页面行为。",
      "caseIds": [
        "BLK-SPEC-006",
        "EXT-001",
        "EXT-002",
        "EXT-008",
        "EXT-009",
        "EXT-010",
        "EXT-012"
      ],
      "projects": [
        "system"
      ],
      "riskBoundaries": [
        "固定a6b14e7，独立复测既有业务标准，研发自测不计入QA结果。",
        "仅资料改动及依赖公开流程；不声明新版本已全量复测，不覆盖上线评估。",
        "分阶段执行API子集；另一阶段独立登记结果，不能互相补计或视为已运行。"
      ],
      "grep": "(?:^|\\s)\\[(?:BLK-SPEC-006|EXT-001|EXT-002|EXT-008|EXT-009|EXT-010|EXT-012)\\](?=\\s|$)",
      "cases": [
        {
          "id": "BLK-SPEC-006",
          "title": "资料版本化输入规则、工具公开schema一致性及明确字节上限",
          "automation": "tests/system/spec-boundaries.spec.ts",
          "projects": [
            "system"
          ]
        },
        {
          "id": "EXT-001",
          "title": "群资料可选、局部编辑及简介清空",
          "automation": "tests/extensions/api.spec.ts",
          "projects": [
            "system"
          ]
        },
        {
          "id": "EXT-002",
          "title": "viewer资料越权拒绝",
          "automation": "tests/extensions/api.spec.ts",
          "projects": [
            "system"
          ]
        },
        {
          "id": "EXT-008",
          "title": "同字段并发原值竞争",
          "automation": "tests/extensions/api.spec.ts",
          "projects": [
            "system"
          ]
        },
        {
          "id": "EXT-009",
          "title": "冲突请求无部分副作用",
          "automation": "tests/extensions/api.spec.ts",
          "projects": [
            "system"
          ]
        },
        {
          "id": "EXT-010",
          "title": "异字段并发及旧请求兼容",
          "automation": "tests/extensions/api.spec.ts",
          "projects": [
            "system"
          ]
        },
        {
          "id": "EXT-012",
          "title": "资料跨重启持久性",
          "automation": "tests/extensions/api.spec.ts",
          "projects": [
            "system"
          ]
        }
      ]
    },
    {
      "id": "utf16-remediation-ui-20261001",
      "title": "资料长度修复独立回归（UI）",
      "purpose": "以原UTF-16公开契约验证资料边界及关联编辑、冲突和页面行为。",
      "caseIds": [
        "UI-012",
        "UI-013",
        "UI-015",
        "UI-022"
      ],
      "projects": [
        "chromium"
      ],
      "riskBoundaries": [
        "固定a6b14e7，独立复测既有业务标准，研发自测不计入QA结果。",
        "仅资料改动及依赖公开流程；不声明新版本已全量复测，不覆盖上线评估。",
        "分阶段执行UI子集；另一阶段独立登记结果，不能互相补计或视为已运行。"
      ],
      "grep": "(?:^|\\s)\\[(?:UI-012|UI-013|UI-015|UI-022)\\](?=\\s|$)",
      "cases": [
        {
          "id": "UI-012",
          "title": "群资料纯文本呈现",
          "automation": "tests/ui/console.spec.ts",
          "projects": [
            "chromium"
          ]
        },
        {
          "id": "UI-013",
          "title": "编辑表单dirty关闭保护",
          "automation": "tests/ui/console.spec.ts",
          "projects": [
            "chromium"
          ]
        },
        {
          "id": "UI-015",
          "title": "冲突必须明确再次确认",
          "automation": "tests/ui/console.spec.ts",
          "projects": [
            "chromium"
          ]
        },
        {
          "id": "UI-022",
          "title": "创建表单关闭保护",
          "automation": "tests/ui/console.spec.ts",
          "projects": [
            "chromium"
          ]
        }
      ]
    },
    {
      "id": "qa-final-window-retest-20261001",
      "title": "真实失败事件与提醒前提定向复测",
      "purpose": "在已结束的16项复测后，修正403触发排队、搜索防抖及旧消息候选前提，复测既有三个正式用例。",
      "caseIds": [
        "CAP-005",
        "UI-028",
        "UI-030"
      ],
      "projects": [
        "system",
        "chromium"
      ],
      "riskBoundaries": [
        "仍使用86ad原产品版本和真实公开协议；不重写前轮失败/阻塞。",
        "先持久生成真实message_failed历史再通过断流恢复投递；必须实证容量拒绝与消息身份。",
        "UI只通过真实输入/点击及网络回放收敛建立前提，不代产品清状态。"
      ],
      "grep": "(?:^|\\s)\\[(?:CAP-005|UI-028|UI-030)\\](?=\\s|$)",
      "cases": [
        {
          "id": "CAP-005",
          "title": "容量等待期间群变不可写阻止迟发踢人",
          "automation": "tests/system/capacity-control.spec.ts",
          "projects": [
            "system"
          ]
        },
        {
          "id": "UI-028",
          "title": "前台安静与失焦静态标题favicon",
          "automation": "tests/ui/console.spec.ts",
          "projects": [
            "chromium"
          ]
        },
        {
          "id": "UI-030",
          "title": "列表范围消失的两阶段确认",
          "automation": "tests/ui/console.spec.ts",
          "projects": [
            "chromium"
          ]
        }
      ]
    },
    {
      "id": "evidence-followup-20261001",
      "title": "七项工程证据补充验收",
      "purpose": "引用已授权的七项原BLOCKED正式用例，在另行固定候选/QA源/环境后逐项补证；原报告与旧冻结环境不变。",
      "caseIds": [
        "AGENT-025",
        "AGENT-028",
        "INT-ACT-001",
        "BLK-EXT-001",
        "INT-STREAM-001",
        "ARC-UI-015",
        "UI-032"
      ],
      "projects": [
        "system",
        "chromium"
      ],
      "riskBoundaries": [
        "此登记只是执行范围准备，不代表新观测已接入或产品已运行。",
        "相同原需求和断言；无法形成真实计时/故障/公开操作证据时继续BLOCKED，已观察违约则FAIL。",
        "不包含三个真人项，不把CAP003另行修复授权自动混入该七项子集；其复测独立登记。",
        "不新增外部能力、不假造已落地结果、不用整页刷新替代同页操作。"
      ],
      "grep": "(?:^|\\s)\\[(?:AGENT-025|AGENT-028|INT-ACT-001|BLK-EXT-001|INT-STREAM-001|ARC-UI-015|UI-032)\\](?=\\s|$)",
      "cases": [
        {
          "id": "AGENT-025",
          "title": "run reaches sixty-second active wall-clock budget including slow turns",
          "automation": "tests/system/agent.spec.ts",
          "projects": [
            "system"
          ]
        },
        {
          "id": "AGENT-028",
          "title": "unknown send times out in five seconds and same key still cannot resend",
          "automation": "tests/system/agent.spec.ts",
          "projects": [
            "system"
          ]
        },
        {
          "id": "INT-ACT-001",
          "title": "安全阶段重启累计活动预算、恢复归因与完整尾段真值",
          "automation": "tests/system/integration-runtime.spec.ts",
          "projects": [
            "system"
          ]
        },
        {
          "id": "BLK-EXT-001",
          "title": "未收到响应的发送崩溃：相同前缀下落地/不落地两个分支",
          "automation": "tests/system/protocol-boundaries.spec.ts",
          "projects": [
            "system"
          ]
        },
        {
          "id": "INT-STREAM-001",
          "title": "真实暂停TCP读取与健康消费者并行、按实际已收游标重放",
          "automation": "tests/system/integration-streams.spec.ts",
          "projects": [
            "system"
          ]
        },
        {
          "id": "ARC-UI-015",
          "title": "耗尽后显式同页刷新可开始新一轮",
          "automation": "tests/ui/architecture.spec.ts",
          "projects": [
            "chromium"
          ]
        },
        {
          "id": "UI-032",
          "title": "提示确认与目录过期相互独立",
          "automation": "tests/ui/console.spec.ts",
          "projects": [
            "chromium"
          ]
        }
      ]
    },
    {
      "id": "evidence-followup-backend-20261001",
      "title": "七项补证中的后端四项",
      "purpose": "新候选交付后的独立定向复测准备；保持单一正式用例来源，不复制断言。",
      "caseIds": [
        "AGENT-025",
        "AGENT-028",
        "INT-ACT-001",
        "BLK-EXT-001"
      ],
      "projects": [
        "system"
      ],
      "riskBoundaries": [
        "显式隔离观测入口；固定新候选与归属控制器，严格5000/60000原值及未知结果恢复要求不变。",
        "当前仅预接收适配；最终候选、目标和QA源冻结后才执行，保留首次结果。",
        "子集不签发完整版本业务验收通过；旧报告与研发自测各自保留。"
      ],
      "grep": "(?:^|\\s)\\[(?:AGENT-025|AGENT-028|INT-ACT-001|BLK-EXT-001)\\](?=\\s|$)",
      "cases": [
        {
          "id": "AGENT-025",
          "title": "run reaches sixty-second active wall-clock budget including slow turns",
          "automation": "tests/system/agent.spec.ts",
          "projects": [
            "system"
          ]
        },
        {
          "id": "AGENT-028",
          "title": "unknown send times out in five seconds and same key still cannot resend",
          "automation": "tests/system/agent.spec.ts",
          "projects": [
            "system"
          ]
        },
        {
          "id": "INT-ACT-001",
          "title": "安全阶段重启累计活动预算、恢复归因与完整尾段真值",
          "automation": "tests/system/integration-runtime.spec.ts",
          "projects": [
            "system"
          ]
        },
        {
          "id": "BLK-EXT-001",
          "title": "未收到响应的发送崩溃：相同前缀下落地/不落地两个分支",
          "automation": "tests/system/protocol-boundaries.spec.ts",
          "projects": [
            "system"
          ]
        }
      ]
    },
    {
      "id": "evidence-followup-stream-20261001",
      "title": "七项补证中的真实慢消费者",
      "purpose": "新候选交付后的独立定向复测准备；保持单一正式用例来源，不复制断言。",
      "caseIds": [
        "INT-STREAM-001"
      ],
      "projects": [
        "system"
      ],
      "riskBoundaries": [
        "正常服务main和默认WS参数，真实TCP暂停及本例日志逐连接归因；1006或配置阈值本身不算关闭策略证据。",
        "当前仅预接收适配；最终候选、目标和QA源冻结后才执行，保留首次结果。",
        "子集不签发完整版本业务验收通过；旧报告与研发自测各自保留。"
      ],
      "grep": "(?:^|\\s)\\[(?:INT-STREAM-001)\\](?=\\s|$)",
      "cases": [
        {
          "id": "INT-STREAM-001",
          "title": "真实暂停TCP读取与健康消费者并行、按实际已收游标重放",
          "automation": "tests/system/integration-streams.spec.ts",
          "projects": [
            "system"
          ]
        }
      ]
    },
    {
      "id": "evidence-followup-ui-20261001",
      "title": "七项补证中的同页读取与提醒",
      "purpose": "新候选交付后的独立定向复测准备；保持单一正式用例来源，不复制断言。",
      "caseIds": [
        "ARC-UI-015",
        "UI-032"
      ],
      "projects": [
        "chromium"
      ],
      "riskBoundaries": [
        "生产前端及正常服务；真实公开同页操作，UI032前提不可达保持BLOCKED，不以刷新冒充独立确认。",
        "当前仅预接收适配；最终候选、目标和QA源冻结后才执行，保留首次结果。",
        "子集不签发完整版本业务验收通过；旧报告与研发自测各自保留。"
      ],
      "grep": "(?:^|\\s)\\[(?:ARC-UI-015|UI-032)\\](?=\\s|$)",
      "cases": [
        {
          "id": "ARC-UI-015",
          "title": "耗尽后显式同页刷新可开始新一轮",
          "automation": "tests/ui/architecture.spec.ts",
          "projects": [
            "chromium"
          ]
        },
        {
          "id": "UI-032",
          "title": "提示确认与目录过期相互独立",
          "automation": "tests/ui/console.spec.ts",
          "projects": [
            "chromium"
          ]
        }
      ]
    },
    {
      "id": "budget-dispatch-followup-20261001",
      "title": "预算派发修复独立回归",
      "purpose": "新候选交付后的独立定向复测准备；保持单一正式用例来源，不复制断言。",
      "caseIds": [
        "CAP-REG-001",
        "CAP-REG-002",
        "CAP-REG-003",
        "CAP-REG-004",
        "CAP-001",
        "CAP-003",
        "CAP-009",
        "CAP-010"
      ],
      "projects": [
        "system"
      ],
      "riskBoundaries": [
        "另线复测CAP003部分修复及正常派发、权限、崩溃和504关联风险；零kick不抵消严格60秒超限。",
        "当前仅预接收适配；最终候选、目标和QA源冻结后才执行，保留首次结果。",
        "子集不签发完整版本业务验收通过；旧报告与研发自测各自保留。"
      ],
      "grep": "(?:^|\\s)\\[(?:CAP-REG-001|CAP-REG-002|CAP-REG-003|CAP-REG-004|CAP-001|CAP-003|CAP-009|CAP-010)\\](?=\\s|$)",
      "cases": [
        {
          "id": "CAP-REG-001",
          "title": "不同群同名目标的重叠 kick 保持各自审计、步骤和副作用唯一",
          "automation": "tests/system/capacity.spec.ts",
          "projects": [
            "system"
          ]
        },
        {
          "id": "CAP-REG-002",
          "title": "审计等待期间关闭 autoKick 后不得继续派发",
          "automation": "tests/system/capacity.spec.ts",
          "projects": [
            "system"
          ]
        },
        {
          "id": "CAP-REG-003",
          "title": "审计等待后重新检查执行账号在线状态",
          "automation": "tests/system/capacity.spec.ts",
          "projects": [
            "system"
          ]
        },
        {
          "id": "CAP-REG-004",
          "title": "审计等待后成员身份和管理员角色均重新检查",
          "automation": "tests/system/capacity.spec.ts",
          "projects": [
            "system"
          ]
        },
        {
          "id": "CAP-001",
          "title": "确证容量拒绝后零远端且释放后同一步只审计/踢人一次",
          "automation": "tests/system/capacity-control.spec.ts",
          "projects": [
            "system"
          ]
        },
        {
          "id": "CAP-003",
          "title": "持续容量拒绝计入原 60 秒活动预算",
          "automation": "tests/system/capacity-control.spec.ts",
          "projects": [
            "system"
          ]
        },
        {
          "id": "CAP-009",
          "title": "容量已拒绝但 ready 持久化之前崩溃的恢复",
          "automation": "tests/system/capacity-control.spec.ts",
          "projects": [
            "system"
          ]
        },
        {
          "id": "CAP-010",
          "title": "已派发且2秒内收敛的504踢人遇容量压力不退回重放",
          "automation": "tests/system/capacity-control.spec.ts",
          "projects": [
            "system"
          ]
        }
      ]
    },
    {
      "id": "manual-ui-repair-regression-20261001",
      "title": "人工反馈修复的自动化关联回归",
      "purpose": "新候选交付后的独立定向复测准备；保持单一正式用例来源，不复制断言。",
      "caseIds": [
        "UI-008",
        "UI-016",
        "UI-020",
        "UI-028",
        "UI-030",
        "UI-031",
        "UI-034",
        "UI-035"
      ],
      "projects": [
        "chromium"
      ],
      "riskBoundaries": [
        "复验原公开搜索/提醒/作用域与相关页面流程；自动化结果不得替代系统输入法、原生标签栏与完整真人用例。",
        "当前仅预接收适配；最终候选、目标和QA源冻结后才执行，保留首次结果。",
        "子集不签发完整版本业务验收通过；旧报告与研发自测各自保留。"
      ],
      "grep": "(?:^|\\s)\\[(?:UI-008|UI-016|UI-020|UI-028|UI-030|UI-031|UI-034|UI-035)\\](?=\\s|$)",
      "cases": [
        {
          "id": "UI-008",
          "title": "登录至Agent步骤详情完整旅程",
          "automation": "tests/ui/console.spec.ts",
          "projects": [
            "chromium"
          ]
        },
        {
          "id": "UI-016",
          "title": "搜索迟到响应隔离",
          "automation": "tests/ui/console.spec.ts",
          "projects": [
            "chromium"
          ]
        },
        {
          "id": "UI-020",
          "title": "失焦提醒和呈现后确认",
          "automation": "tests/ui/console.spec.ts",
          "projects": [
            "chromium"
          ]
        },
        {
          "id": "UI-028",
          "title": "前台安静与失焦静态标题favicon",
          "automation": "tests/ui/console.spec.ts",
          "projects": [
            "chromium"
          ]
        },
        {
          "id": "UI-030",
          "title": "列表范围消失的两阶段确认",
          "automation": "tests/ui/console.spec.ts",
          "projects": [
            "chromium"
          ]
        },
        {
          "id": "UI-031",
          "title": "变化后回原值保留期间变化候选",
          "automation": "tests/ui/console.spec.ts",
          "projects": [
            "chromium"
          ]
        },
        {
          "id": "UI-034",
          "title": "Agent自动消息失焦提醒",
          "automation": "tests/ui/console.spec.ts",
          "projects": [
            "chromium"
          ]
        },
        {
          "id": "UI-035",
          "title": "序列自动消息失焦提醒",
          "automation": "tests/ui/console.spec.ts",
          "projects": [
            "chromium"
          ]
        }
      ]
    }
  ]
}
