npm notice run kapibala-platform@0.1.0 npx
npm notice run 'tsx' --test apps/web/tests/agent-navigation.test.ts apps/web/tests/core-console.test.ts apps/web/tests/directoryAttention.test.ts apps/web/tests/group-directory.test.ts apps/web/tests/group-profile.test.ts apps/web/tests/page-attention-core.test.ts apps/web/tests/page-attention-directory.test.ts apps/web/tests/pageAttentionAdapters.test.ts apps/web/tests/reliability.test.ts apps/web/tests/resource-recovery.test.ts apps/web/tests/sequence-requests.test.ts apps/web/tests/session-boundary.test.ts apps/web/tests/session-cookie.test.ts apps/web/tests/timeline-recovery.test.ts
✔ Agent detail carries only a whitelisted origin and leaves identifiers intact (0.501917ms)
✔ Agent list selection survives internal return with reserved characters (0.136625ms)
✔ group-origin return and direct links have internal loading/failure fallbacks (0.388792ms)
✔ malformed deep-link encoding falls back without throwing or copying an external return URL (0.077541ms)
✔ an unavailable selected sender stays selected until the user explicitly chooses another identity (0.438667ms)
✔ initial default and rate limited sender keep the existing queue policy (0.063583ms)
✔ sequence timestamps distinguish confirmed delivery, skipped handling and failed handling (11.566541ms)
✔ member count commit survives replay after REST and unrelated WS events already advanced the snapshot (0.593417ms)
✔ active Agent and sequence identity commits survive REST-leading replay without treating steps as card changes (0.1325ms)
✔ role-only membership, run recovery and step progression remain silent; polling alone creates no candidate (0.091792ms)
✔ legacy coarse events retain uncertainty as a range target instead of claiming an unchanged or read card (0.9165ms)
✔ direct visible group changes remain definitive even with a simultaneous role-only projection marker (0.09925ms)
✔ directory requests use fixed page size and preserve literal search and opaque cursors (0.944416ms)
✔ search debounce and order changes abort old requests and ignore late results (4.533667ms)
✔ directory query identity includes all server conditions but excludes cursor and request lifecycle (0.545208ms)
✔ filter URL combinations send explicit booleans and omit unselected conditions (0.36025ms)
✔ changing filters abandons a loaded cursor and ignores both late page and prior-filter responses (1.748917ms)
✔ clear search preserves filters and ordering while reset restores every default and cancels late results (0.95125ms)
✔ choosing all in one filter preserves the other filter and the search (0.615417ms)
✔ IME composition defers combined filters until committed and sends them in one first-page query (0.624292ms)
✔ filtered pagination retries and cached returns preserve conditions and stable location (0.966917ms)
✔ filter-only empty results are recognized as no matches including Agent disabled (0.12975ms)
✔ IME composition suppresses debounce, sort requests and polling until committed (0.606875ms)
✔ initial errors remain distinct from a successful empty directory and can retry (0.571458ms)
✔ next-page failure keeps items and cursor; exact-cursor retry merges stable IDs once (0.699583ms)
✔ unchanged first-page probes preserve a failed next-page retry and never rotate its cursor (0.7925ms)
✔ changed first-page probes invalidate all cached pages without splicing new rows (0.797208ms)
✔ a relevant change aborts an in-flight next page and ignores its late response (0.480833ms)
✔ a relevant change during first-page refresh discards that response and coalesces one fresh read (0.470042ms)
✔ leaving and returning retains multi-page query, anchor and stale contents without automatic reset (0.656542ms)
✔ off-page request completion is ignored and a one-page cache refreshes on return (0.410958ms)
✔ condition changes reset pagination and position without clearing the search silently (0.977333ms)
✔ a stopped session cancels pending debounce and late responses; a new session starts clean (0.711625ms)
✔ an unchanged non-null next cursor fails visibly instead of repeating a page forever (0.46025ms)
✔ synchronous loader failure cannot strand the flight or prevent manual retry (0.363166ms)
✔ directory revision filters unrelated message traffic without changing directory-relevant events (0.063625ms)
✔ directory runtime schema validates compact rows, dates, counts and cursor without a fake total (2.053875ms)
✔ description and platform ID matches remain identifiable without HTML highlighting (0.114416ms)
✔ creating a group omits untouched metadata but rejects an explicitly blank name (1.333833ms)
✔ metadata limits apply after trimming and reject excess input instead of truncating it (0.202ms)
✔ profile name limits use trimmed UTF-16 units on create and edit (0.22625ms)
✔ profile description limits use trimmed UTF-16 units on create and edit (0.118083ms)
✔ legacy over-limit responses stay readable and raw comparison values stay repairable (2.083417ms)
✔ profile patches preserve concurrently updated fields the user did not edit (0.084208ms)
✔ an existing description can be cleared without clearing a group name (0.092666ms)
✔ conditional profile writes include raw expected values only for semantically changed fields (0.075417ms)
✔ profile conflict parsing requires the exact 409 contract and does not normalize server values (0.484667ms)
✔ a name conflict rebases untouched description without losing the raw submitted draft (0.109208ms)
✔ normalization-only untouched input follows the new snapshot instead of becoming a stale write (0.060166ms)
✔ multi-field conflict keeps every submitted draft and a reverted field leaves the next conditional write (0.06ms)
✔ clearing a description keeps the raw empty draft and checks the newest description on reconfirmation (0.047167ms)
✔ adopting a matching server snapshot needs no write and invalid drafts retain original validation (0.065666ms)
✔ profile conflict comparison shows all submitted fields, their drafts and the atomic no-save boundary (1.936584ms)
✔ profile conflict comparison distinguishes an empty server description from the draft clear intent (0.160459ms)
✔ group responses require real metadata fields and a valid UTC creation timestamp (0.237708ms)
✔ group profile shows the server date and read-only content without a viewer edit entry (8.841625ms)
✔ group choices retain gateway identity when human names collide (0.0825ms)
✔ refresh completing after blur and refocus cannot confirm an old view intent (0.471917ms)
✔ a frame paused while hidden remains invalid after refocus and cannot consume a newer action (0.056625ms)
✔ same-batch member role changes preserve the original directory count evidence without reviving it after confirmation (0.673375ms)
✔ run creation directory evidence survives same-batch run steps or recovery updates (0.151958ms)
✔ directory projection classifications canonicalize fields and keep missing separate from known empty (0.121958ms)
✔ confirming a group name then changing a setting cannot revive profile attention (0.1135ms)
✔ late-mounted profile and settings retain separate original field sequences (0.124458ms)
✔ a definitive field upgrades the same pending event after an ambiguous field without reopening confirmed work (0.086084ms)
✔ group message marker excludes history; duplicate created event stays one candidate (0.076542ms)
✔ late identity confirmation cannot turn a pre-scope pending message into a new update (0.129083ms)
✔ ordinary created messages use their event sequence without inventing an older origin (0.054417ms)
✔ foreground is quiet; leaving pending content promotes a static reminder and focus cannot clear it (0.067291ms)
✔ failed reload and snapshots started before the event cannot acknowledge it (0.046958ms)
✔ an account row interaction cannot consume another row or a later update (0.041125ms)
✔ same displayed status after a fresh snapshot does not create visible-change attention (1.021541ms)
✔ real account transitions remain pending when online goes away and returns before snapshot (0.196542ms)
✔ a definitive replay after REST already rendered its version still requires confirmation (0.08375ms)
✔ current event classifier separates precise business changes from legacy invalidation (0.113167ms)
✔ a precise update during first load survives absence of a comparison baseline (0.152ms)
✔ coalesced run status keeps latest sequence and ignores out-of-order arrivals (0.077334ms)
✔ a removed list row remains range-confirmable; one snapshot cannot clear a newer list change (0.045959ms)
✔ new scope model discards old group candidates without mutating old async callbacks (0.036167ms)
✔ a message taller than its 510px timeline needs a summary even inside a 1200px window (0.236166ms)
✔ directory attention evidence advances only on applied refresh, never failed or stale reads (9.687583ms)
✔ directory query change clears old presentation evidence and never reuses a cursor as a scope (2.137375ms)
✔ directory attention resets successful evidence for actual status and Agent filters (3.170208ms)
✔ group message attention distinguishes created content, delivery echoes and another group (0.420125ms)
✔ only the mounted run and exact step identity receive step changes (0.090542ms)
✔ account and group adapters reject unrelated page changes (0.089459ms)
✔ business projections ignore identity-neutral polling and include visible changes (0.095708ms)
✔ current page journals exclude messages and events from other selected groups (0.076458ms)
✔ definitive changes follow the fields shown by each current-page summary (0.094125ms)
✔ concurrent REST 401s and WS refresh share one token rotation (20.787375ms)
✔ a delayed old-token 401 uses the already refreshed token (36.191791ms)
✔ logout first renews expired access and then reaches the server (0.602208ms)
✔ revoked refresh clears the access token and reports the server error (0.314125ms)
✔ a login or logout cannot be overwritten by an older refresh response (0.167875ms)
✔ own-message return and sentAt correction keep one stable row (0.103083ms)
✔ old snapshot pagination cannot downgrade a row or lose backfilled history (5.217041ms)
✔ equal timestamps are ordered consistently by stable identity (0.088375ms)
✔ a transient resource failure recovers without another event or polling tick (2.806917ms)
✔ backoff is bounded even with repeated invalidations and a later reload can recover (1.374125ms)
✔ polls and event bursts share one flight and one serial follow-up (0.507667ms)
✔ an invalidation during completion is drained before reload resolves (0.380875ms)
✔ permission, contract, validation and rate-limit errors never schedule automatic retries (2.91525ms)
✔ disposing during backoff cancels the timer and resolves the outstanding reload (0.371125ms)
✔ a replaced resource aborts its read and ignores late values and errors (0.27675ms)
✔ a login while an automatic retry waits cannot issue an old read with the new identity (10.273833ms)
✔ a login during an active read discards its late result without publishing or retrying (0.591916ms)
✔ normal token renewal within the same identity does not cancel a waiting recovery (1.108916ms)
✔ shared sequence definition preserves valid values and boundary sizes (3.882166ms)
✔ shared sequence definition rejects extra fields, invalid order and server bounds (0.992833ms)
✔ shared start request retains defaults, empty values and accepted variable keys (0.501333ms)
✔ both JSON editors use strict variable and positive canonical step keys (0.336292ms)
✔ a delayed write 401 cannot replay under a newly logged-in identity (10.957417ms)
✔ an old retried request cannot clear the new identity on its delayed 401 (0.66475ms)
✔ a late successful result is not returned into a different session (0.203ms)
✔ a new session owns a new refresh flight and an old finalizer cannot release it (0.283833ms)
✔ cookie serialization: an old refresh 200 finishes headers/body before logout and new login (14.619542ms)
✔ cookie serialization: an old refresh 401 finishes headers/body before logout and new login (2.57775ms)
✔ logout revokes the cookie even when an old successful refresh lost its generation before saving access (0.563958ms)
✔ a TypeError refresh rejection releases the auth queue for a new login (0.364292ms)
✔ a TimeoutError refresh rejection releases the auth queue for a new login (0.325084ms)
✔ logout alone renews expired access inside its queue, then revokes without deadlock (0.206667ms)
✔ a queued obsolete refresh is rejected before it can rotate a newly logged-in cookie (0.162459ms)
﹣ timing: the real twenty-second refresh abort releases a queued login (0.023959ms) # SKIP
✔ a failed snapshot retains consumed invalidations and retries without a new event (10.716917ms)
✔ events during a snapshot coalesce into one serial follow-up snapshot (1.620833ms)
✔ snapshot retries use capped backoff and reset their delay after recovery (4.952458ms)
✔ disposing a group clears retries and blocks late results from the old group (0.792042ms)
✔ an invalidation at snapshot completion cannot get stranded behind the finishing promise (0.200125ms)
✔ a complete snapshot defeats a late earlier-page cursor and a late earlier-page failure (0.169416ms)
✔ normal earlier pages still merge, preserve a failed-page cursor and allow retry (0.151042ms)
✔ switching group invalidates an earlier-page completion without requiring another snapshot (0.058125ms)
ℹ tests 131
ℹ suites 0
ℹ pass 130
ℹ fail 0
ℹ cancelled 0
ℹ skipped 1
ℹ todo 0
ℹ duration_ms 183.947708
