{"probe":"fetch-called","pid":90097,"id":1,"method":"GET","path":"/api/health","at":256.11825}
{"probe":"fetch-rejected","pid":90097,"id":1,"method":"GET","path":"/api/health","at":259.379541,"name":"TypeError","code":"ECONNREFUSED"}
{"probe":"fetch-called","pid":90097,"id":2,"method":"GET","path":"/api/health","at":270.658041}
{"probe":"fetch-rejected","pid":90097,"id":2,"method":"GET","path":"/api/health","at":271.392625,"name":"TypeError","code":"ECONNREFUSED"}
{"probe":"fetch-called","pid":90097,"id":3,"method":"GET","path":"/api/health","at":281.582}
{"probe":"fetch-rejected","pid":90097,"id":3,"method":"GET","path":"/api/health","at":282.281583,"name":"TypeError","code":"ECONNREFUSED"}
{"probe":"fetch-called","pid":90097,"id":4,"method":"GET","path":"/api/health","at":293.4785}
{"probe":"fetch-rejected","pid":90097,"id":4,"method":"GET","path":"/api/health","at":294.161041,"name":"TypeError","code":"ECONNREFUSED"}
{"probe":"fetch-called","pid":90097,"id":5,"method":"GET","path":"/api/health","at":305.054208}
{"probe":"fetch-rejected","pid":90097,"id":5,"method":"GET","path":"/api/health","at":305.708875,"name":"TypeError","code":"ECONNREFUSED"}
{"probe":"fetch-called","pid":90097,"id":6,"method":"GET","path":"/api/health","at":316.835083}
{"probe":"fetch-rejected","pid":90097,"id":6,"method":"GET","path":"/api/health","at":317.471166,"name":"TypeError","code":"ECONNREFUSED"}
{"probe":"fetch-called","pid":90097,"id":7,"method":"GET","path":"/api/health","at":328.327875}
{"probe":"fetch-rejected","pid":90097,"id":7,"method":"GET","path":"/api/health","at":329.047208,"name":"TypeError","code":"ECONNREFUSED"}
{"probe":"fetch-called","pid":90097,"id":8,"method":"GET","path":"/api/health","at":340.208708}
{"probe":"fetch-rejected","pid":90097,"id":8,"method":"GET","path":"/api/health","at":340.823083,"name":"TypeError","code":"ECONNREFUSED"}
{"probe":"fetch-called","pid":90097,"id":9,"method":"GET","path":"/api/health","at":351.969}
{"probe":"fetch-rejected","pid":90097,"id":9,"method":"GET","path":"/api/health","at":352.576791,"name":"TypeError","code":"ECONNREFUSED"}
{"probe":"fetch-called","pid":90097,"id":10,"method":"GET","path":"/api/health","at":362.817333}
{"probe":"fetch-rejected","pid":90097,"id":10,"method":"GET","path":"/api/health","at":363.409166,"name":"TypeError","code":"ECONNREFUSED"}
{"probe":"fetch-called","pid":90097,"id":11,"method":"GET","path":"/api/health","at":373.39025}
{"probe":"fetch-rejected","pid":90097,"id":11,"method":"GET","path":"/api/health","at":373.90425,"name":"TypeError","code":"ECONNREFUSED"}
{"probe":"fetch-called","pid":90097,"id":12,"method":"GET","path":"/api/health","at":384.673083}
{"probe":"fetch-rejected","pid":90097,"id":12,"method":"GET","path":"/api/health","at":385.206666,"name":"TypeError","code":"ECONNREFUSED"}
{"probe":"fetch-called","pid":90097,"id":13,"method":"GET","path":"/api/health","at":396.336666}
{"probe":"fetch-rejected","pid":90097,"id":13,"method":"GET","path":"/api/health","at":397.825375,"name":"TypeError","code":"ECONNREFUSED"}
{"probe":"fetch-called","pid":90097,"id":14,"method":"GET","path":"/api/health","at":408.189458}
{"probe":"fetch-rejected","pid":90097,"id":14,"method":"GET","path":"/api/health","at":408.750666,"name":"TypeError","code":"ECONNREFUSED"}
{"probe":"fetch-called","pid":90097,"id":15,"method":"GET","path":"/api/health","at":419.86825}
{"probe":"fetch-rejected","pid":90097,"id":15,"method":"GET","path":"/api/health","at":420.27825,"name":"TypeError","code":"ECONNREFUSED"}
{"probe":"fetch-called","pid":90097,"id":16,"method":"GET","path":"/api/health","at":431.067291}
{"probe":"fetch-rejected","pid":90097,"id":16,"method":"GET","path":"/api/health","at":431.499208,"name":"TypeError","code":"ECONNREFUSED"}
{"probe":"fetch-called","pid":90097,"id":17,"method":"GET","path":"/api/health","at":442.624041}
{"probe":"fetch-rejected","pid":90097,"id":17,"method":"GET","path":"/api/health","at":443.019458,"name":"TypeError","code":"ECONNREFUSED"}
{"probe":"fetch-called","pid":90097,"id":18,"method":"GET","path":"/api/health","at":453.320041}
{"probe":"fetch-rejected","pid":90097,"id":18,"method":"GET","path":"/api/health","at":453.750666,"name":"TypeError","code":"ECONNREFUSED"}
{"probe":"fetch-called","pid":90097,"id":19,"method":"GET","path":"/api/health","at":464.581083}
{"probe":"fetch-rejected","pid":90097,"id":19,"method":"GET","path":"/api/health","at":464.975083,"name":"TypeError","code":"ECONNREFUSED"}
{"probe":"fetch-called","pid":90097,"id":20,"method":"GET","path":"/api/health","at":476.086916}
{"probe":"fetch-rejected","pid":90097,"id":20,"method":"GET","path":"/api/health","at":476.524583,"name":"TypeError","code":"ECONNREFUSED"}
{"probe":"fetch-called","pid":90097,"id":21,"method":"GET","path":"/api/health","at":486.711666}
{"probe":"fetch-rejected","pid":90097,"id":21,"method":"GET","path":"/api/health","at":487.325791,"name":"TypeError","code":"ECONNREFUSED"}
{"probe":"fetch-called","pid":90097,"id":22,"method":"GET","path":"/api/health","at":497.023166}
{"probe":"fetch-rejected","pid":90097,"id":22,"method":"GET","path":"/api/health","at":497.3565,"name":"TypeError","code":"ECONNREFUSED"}
{"probe":"fetch-called","pid":90097,"id":23,"method":"GET","path":"/api/health","at":508.241458}
{"probe":"fetch-rejected","pid":90097,"id":23,"method":"GET","path":"/api/health","at":508.664166,"name":"TypeError","code":"ECONNREFUSED"}
{"probe":"fetch-called","pid":90097,"id":24,"method":"GET","path":"/api/health","at":520.2735}
{"probe":"fetch-headers","pid":90097,"id":24,"method":"GET","path":"/api/health","at":526.082083,"status":200}
{"probe":"fetch-called","pid":90097,"id":25,"method":"POST","path":"/api/auth/login","at":526.395291}
{"probe":"fetch-headers","pid":90097,"id":25,"method":"POST","path":"/api/auth/login","at":532.902416,"status":200}
{"probe":"fetch-called","pid":90097,"id":26,"method":"GET","path":"/qa/message/v1/capabilities","at":533.4395}
{"probe":"fetch-headers","pid":90097,"id":26,"method":"GET","path":"/qa/message/v1/capabilities","at":597.8445,"status":200}
{"probe":"fetch-called","pid":90097,"id":27,"method":"GET","path":"/qa/runtime/v1/capabilities","at":597.989291}
{"probe":"fetch-headers","pid":90097,"id":27,"method":"GET","path":"/qa/runtime/v1/capabilities","at":657.319291,"status":200}
{"probe":"fetch-called","pid":90097,"id":28,"method":"GET","path":"/qa/capacity/v1/capabilities","at":657.504708}
{"probe":"fetch-headers","pid":90097,"id":28,"method":"GET","path":"/qa/capacity/v1/capabilities","at":716.2795,"status":200}
{"probe":"fetch-called","pid":90097,"id":29,"method":"GET","path":"/qa/message/v1/capabilities","at":716.471625}
{"probe":"fetch-headers","pid":90097,"id":29,"method":"GET","path":"/qa/message/v1/capabilities","at":774.873875,"status":200}
{"probe":"fetch-called","pid":90097,"id":30,"method":"GET","path":"/qa/runtime/v1/capabilities","at":775.0255}
{"probe":"fetch-headers","pid":90097,"id":30,"method":"GET","path":"/qa/runtime/v1/capabilities","at":838.560541,"status":200}
{"probe":"fetch-called","pid":90097,"id":31,"method":"PUT","path":"/qa/capacity/v1/leases/6a902687-2ce4-450e-ac7b-441f3c12d566","at":942.887291}
{"probe":"fetch-headers","pid":90097,"id":31,"method":"PUT","path":"/qa/capacity/v1/leases/6a902687-2ce4-450e-ac7b-441f3c12d566","at":1018.852791,"status":200}
{"probe":"fetch-called","pid":90097,"id":32,"method":"GET","path":"/qa/capacity/v1/leases/6a902687-2ce4-450e-ac7b-441f3c12d566","at":1019.033375}
{"probe":"fetch-headers","pid":90097,"id":32,"method":"GET","path":"/qa/capacity/v1/leases/6a902687-2ce4-450e-ac7b-441f3c12d566","at":1020.266916,"status":200}
{"probe":"fetch-called","pid":90097,"id":33,"method":"GET","path":"/qa/capacity/v1/leases/6a902687-2ce4-450e-ac7b-441f3c12d566","at":1030.783458}
{"probe":"fetch-headers","pid":90097,"id":33,"method":"GET","path":"/qa/capacity/v1/leases/6a902687-2ce4-450e-ac7b-441f3c12d566","at":1031.657208,"status":200}
{"probe":"fetch-called","pid":90097,"id":34,"method":"GET","path":"/qa/capacity/v1/leases/6a902687-2ce4-450e-ac7b-441f3c12d566","at":1042.785333}
{"probe":"fetch-headers","pid":90097,"id":34,"method":"GET","path":"/qa/capacity/v1/leases/6a902687-2ce4-450e-ac7b-441f3c12d566","at":1043.8115,"status":200}
{"probe":"fetch-called","pid":90097,"id":35,"method":"PUT","path":"/qa/runtime/v1/leases/4cd3ced2-5e64-4a2c-8a8a-bfde849c14f5","at":1044.733625}
{"probe":"fetch-headers","pid":90097,"id":35,"method":"PUT","path":"/qa/runtime/v1/leases/4cd3ced2-5e64-4a2c-8a8a-bfde849c14f5","at":1105.563583,"status":200}
{"probe":"fetch-called","pid":90097,"id":36,"method":"POST","path":"/api/accounts/account-6/connect","at":1105.685083}
{"probe":"fetch-called","pid":90097,"id":37,"method":"GET","path":"/qa/runtime/v1/leases/4cd3ced2-5e64-4a2c-8a8a-bfde849c14f5","at":1105.82325}
{"probe":"fetch-headers","pid":90097,"id":37,"method":"GET","path":"/qa/runtime/v1/leases/4cd3ced2-5e64-4a2c-8a8a-bfde849c14f5","at":1106.716625,"status":200}
{"probe":"fetch-called","pid":90097,"id":38,"method":"GET","path":"/qa/runtime/v1/leases/4cd3ced2-5e64-4a2c-8a8a-bfde849c14f5","at":1117.050583}
{"probe":"fetch-headers","pid":90097,"id":38,"method":"GET","path":"/qa/runtime/v1/leases/4cd3ced2-5e64-4a2c-8a8a-bfde849c14f5","at":1118.062333,"status":200}
{"probe":"fetch-called","pid":90097,"id":39,"method":"GET","path":"/qa/runtime/v1/leases/4cd3ced2-5e64-4a2c-8a8a-bfde849c14f5","at":1128.335375}
{"probe":"fetch-headers","pid":90097,"id":39,"method":"GET","path":"/qa/runtime/v1/leases/4cd3ced2-5e64-4a2c-8a8a-bfde849c14f5","at":1129.009,"status":200}
{"probe":"fetch-called","pid":90097,"id":40,"method":"GET","path":"/qa/runtime/v1/leases/4cd3ced2-5e64-4a2c-8a8a-bfde849c14f5","at":1138.744875}
{"probe":"fetch-headers","pid":90097,"id":40,"method":"GET","path":"/qa/runtime/v1/leases/4cd3ced2-5e64-4a2c-8a8a-bfde849c14f5","at":1139.661166,"status":200}
{"probe":"fetch-called","pid":90097,"id":41,"method":"PUT","path":"/qa/message/v1/leases/84d48ce4-eae1-4e6e-befa-b314e898c829","at":1141.468083}
{"probe":"fetch-headers","pid":90097,"id":41,"method":"PUT","path":"/qa/message/v1/leases/84d48ce4-eae1-4e6e-befa-b314e898c829","at":1201.945416,"status":200}
{"probe":"fetch-called","pid":90097,"id":42,"method":"GET","path":"/qa/message/v1/leases/84d48ce4-eae1-4e6e-befa-b314e898c829","at":1202.161791}
{"probe":"fetch-headers","pid":90097,"id":42,"method":"GET","path":"/qa/message/v1/leases/84d48ce4-eae1-4e6e-befa-b314e898c829","at":1203.830958,"status":200}
{"probe":"fetch-called","pid":90097,"id":43,"method":"GET","path":"/qa/message/v1/leases/84d48ce4-eae1-4e6e-befa-b314e898c829","at":1214.706875}
{"probe":"fetch-headers","pid":90097,"id":43,"method":"GET","path":"/qa/message/v1/leases/84d48ce4-eae1-4e6e-befa-b314e898c829","at":1215.834666,"status":200}
{"probe":"fetch-called","pid":90097,"id":44,"method":"GET","path":"/qa/capacity/v1/leases/6a902687-2ce4-450e-ac7b-441f3c12d566","at":1217.232958}
{"probe":"fetch-headers","pid":90097,"id":44,"method":"GET","path":"/qa/capacity/v1/leases/6a902687-2ce4-450e-ac7b-441f3c12d566","at":1218.070625,"status":200}
{"probe":"fetch-called","pid":90097,"id":45,"method":"GET","path":"/qa/runtime/v1/leases/4cd3ced2-5e64-4a2c-8a8a-bfde849c14f5","at":1218.176708}
{"probe":"fetch-headers","pid":90097,"id":45,"method":"GET","path":"/qa/runtime/v1/leases/4cd3ced2-5e64-4a2c-8a8a-bfde849c14f5","at":1219.011083,"status":200}
{"probe":"fetch-called","pid":90097,"id":46,"method":"POST","path":"/qa/message/v1/leases/84d48ce4-eae1-4e6e-befa-b314e898c829/advance","at":1219.097666}
{"probe":"fetch-headers","pid":90097,"id":46,"method":"POST","path":"/qa/message/v1/leases/84d48ce4-eae1-4e6e-befa-b314e898c829/advance","at":1219.876166,"status":200}
{"probe":"fetch-called","pid":90097,"id":47,"method":"POST","path":"/qa/runtime/v1/leases/4cd3ced2-5e64-4a2c-8a8a-bfde849c14f5/advance","at":1231.165916}
{"probe":"fetch-headers","pid":90097,"id":47,"method":"POST","path":"/qa/runtime/v1/leases/4cd3ced2-5e64-4a2c-8a8a-bfde849c14f5/advance","at":1232.652916,"status":200}
{"probe":"fetch-headers","pid":90097,"id":36,"method":"POST","path":"/api/accounts/account-6/connect","at":1261.907041,"status":200}
{"probe":"fetch-called","pid":90097,"id":48,"method":"GET","path":"/qa/runtime/v1/leases/4cd3ced2-5e64-4a2c-8a8a-bfde849c14f5","at":1261.993}
{"probe":"fetch-headers","pid":90097,"id":48,"method":"GET","path":"/qa/runtime/v1/leases/4cd3ced2-5e64-4a2c-8a8a-bfde849c14f5","at":1262.671041,"status":200}
{"probe":"fetch-called","pid":90097,"id":49,"method":"GET","path":"/qa/runtime/v1/leases/4cd3ced2-5e64-4a2c-8a8a-bfde849c14f5","at":1262.775333}
{"probe":"fetch-headers","pid":90097,"id":49,"method":"GET","path":"/qa/runtime/v1/leases/4cd3ced2-5e64-4a2c-8a8a-bfde849c14f5","at":1263.265541,"status":200}
{"probe":"fetch-called","pid":90097,"id":50,"method":"DELETE","path":"/qa/capacity/v1/leases/6a902687-2ce4-450e-ac7b-441f3c12d566","at":1263.348916}
{"probe":"fetch-headers","pid":90097,"id":50,"method":"DELETE","path":"/qa/capacity/v1/leases/6a902687-2ce4-450e-ac7b-441f3c12d566","at":1264.702666,"status":200}
{"probe":"fetch-called","pid":90097,"id":51,"method":"GET","path":"/api/agent-runs/capacity-run","at":1264.862666}
{"probe":"fetch-headers","pid":90097,"id":51,"method":"GET","path":"/api/agent-runs/capacity-run","at":1267.632125,"status":200}
{"probe":"fetch-called","pid":90097,"id":52,"method":"GET","path":"/api/agent-runs/capacity-run","at":1278.247708}
{"probe":"fetch-headers","pid":90097,"id":52,"method":"GET","path":"/api/agent-runs/capacity-run","at":1280.24275,"status":200}
{"probe":"fetch-called","pid":90097,"id":53,"method":"GET","path":"/api/agent-runs/capacity-run","at":1290.66025}
{"probe":"fetch-headers","pid":90097,"id":53,"method":"GET","path":"/api/agent-runs/capacity-run","at":1294.484666,"status":200}
{"probe":"fetch-called","pid":90097,"id":54,"method":"GET","path":"/api/agent-runs/capacity-run","at":1305.70775}
{"probe":"fetch-headers","pid":90097,"id":54,"method":"GET","path":"/api/agent-runs/capacity-run","at":1308.727208,"status":200}
{"probe":"fetch-called","pid":90097,"id":55,"method":"GET","path":"/api/agent-runs/capacity-run","at":1319.275541}
{"probe":"fetch-headers","pid":90097,"id":55,"method":"GET","path":"/api/agent-runs/capacity-run","at":1321.241333,"status":200}
{"probe":"fetch-called","pid":90097,"id":56,"method":"GET","path":"/api/agent-runs/capacity-run","at":1331.549375}
{"probe":"fetch-rejected","pid":90097,"id":56,"method":"GET","path":"/api/agent-runs/capacity-run","at":45155.671875,"name":"TypeError","code":"UND_ERR_SOCKET"}
✖ CO01 one real SUT preserves capacity, receipt and account observers simultaneously (45035.71125ms)
ℹ Developer-owned UUID database /kapibala_test_1797c826e78d4f87984ca565b6d93493; revision 430a7773aa3ec01296a92c00913f0c5de1d564e1; guardian 90100; API http://127.0.0.1:51025; controller http://127.0.0.1:51024
ℹ tests 1
ℹ suites 0
ℹ pass 0
ℹ fail 0
ℹ cancelled 1
ℹ skipped 0
ℹ todo 0
ℹ duration_ms 45199.83675

✖ failing tests:

test at tests/integration/qa-combined-observation.test.ts:1:2296
✖ CO01 one real SUT preserves capacity, receipt and account observers simultaneously (45035.71125ms)
  'test timed out after 45000ms'
