▶ usage observation: writer close drains the real held journal and rejects later records without closing business service
  ✖ main (265.4185ms)
  ✖ factory (180.632958ms)
✖ usage observation: writer close drains the real held journal and rejects later records without closing business service (480.589625ms)
ℹ tests 3
ℹ suites 0
ℹ pass 0
ℹ fail 3
ℹ cancelled 0
ℹ skipped 0
ℹ todo 0
ℹ duration_ms 640.881

✖ failing tests:

test at tests/integration/qa-gemini-usage-observation.test.ts:2:3939
✖ main (265.4185ms)
  AssertionError [ERR_ASSERTION]: Expected values to be strictly equal:
  
  404 !== 403
  
      at TestContext.<anonymous> (/Users/zcm/.codex/worktrees/architecture-contract-resource/kapibala/tests/integration/qa-gemini-usage-observation.test.ts:454:14)
      at process.processTicksAndRejections (node:internal/process/task_queues:104:5)
      at async Test.run (node:internal/test_runner/test:1409:7)
      at async TestContext.<anonymous> (/Users/zcm/.codex/worktrees/architecture-contract-resource/kapibala/tests/integration/qa-gemini-usage-observation.test.ts:435:46)
      at async Test.run (node:internal/test_runner/test:1409:7)
      at async startSubtestAfterBootstrap (node:internal/test_runner/harness:387:3) {
    generatedMessage: true,
    code: 'ERR_ASSERTION',
    actual: 404,
    expected: 403,
    operator: 'strictEqual',
    diff: 'simple'
  }

test at tests/integration/qa-gemini-usage-observation.test.ts:2:3939
✖ factory (180.632958ms)
  AssertionError [ERR_ASSERTION]: Expected values to be strictly equal:
  
  404 !== 403
  
      at TestContext.<anonymous> (/Users/zcm/.codex/worktrees/architecture-contract-resource/kapibala/tests/integration/qa-gemini-usage-observation.test.ts:454:14)
      at process.processTicksAndRejections (node:internal/process/task_queues:104:5)
      at async Test.run (node:internal/test_runner/test:1409:7)
      at async TestContext.<anonymous> (/Users/zcm/.codex/worktrees/architecture-contract-resource/kapibala/tests/integration/qa-gemini-usage-observation.test.ts:435:46)
      at async Test.run (node:internal/test_runner/test:1409:7)
      at async startSubtestAfterBootstrap (node:internal/test_runner/harness:387:3) {
    generatedMessage: true,
    code: 'ERR_ASSERTION',
    actual: 404,
    expected: 403,
    operator: 'strictEqual',
    diff: 'simple'
  }
