TAP version 13
# Subtest: usage: real provider adapter records validated turn/audit attempts, cache adds no inference and missing/error usage stays unknown
ok 1 - usage: real provider adapter records validated turn/audit attempts, cache adds no inference and missing/error usage stays unknown
  ---
  duration_ms: 106.473292
  type: 'test'
  ...
# Subtest: usage: provider timeout and cancellation each emit one failed attempt without invented zero usage
ok 2 - usage: provider timeout and cancellation each emit one failed attempt without invented zero usage
  ---
  duration_ms: 20.269917
  type: 'test'
  ...
# Subtest: usage: retention bounds count, bytes and age, cleans only owned crash temporary files and preserves private permissions
ok 3 - usage: retention bounds count, bytes and age, cleans only owned crash temporary files and preserves private permissions
  ---
  duration_ms: 35.682958
  type: 'test'
  ...
# Subtest: usage: disabled config makes no files; unsafe storage and invalid config degrade with fixed diagnostics
ok 4 - usage: disabled config makes no files; unsafe storage and invalid config degrade with fixed diagnostics
  ---
  duration_ms: 0.943333
  type: 'test'
  ...
# Subtest: usage: optional journal write failure and bounded-queue overflow do not reject successful model responses
ok 5 - usage: optional journal write failure and bounded-queue overflow do not reject successful model responses
  ---
  duration_ms: 44.245292
  type: 'test'
  ...
# Subtest: QA C2 process: actual provider HTTP, complete history, replay, restart and usage with synthetic credentials
ok 6 - QA C2 process: actual provider HTTP, complete history, replay, restart and usage with synthetic credentials
  ---
  duration_ms: 507.686666
  type: 'test'
  ...
# Subtest: QA C2 process: real HTTP status and invalid outputs preserve provider errors and known versus unknown usage
ok 7 - QA C2 process: real HTTP status and invalid outputs preserve provider errors and known versus unknown usage
  ---
  duration_ms: 196.026167
  type: 'test'
  ...
# Subtest: QA C2 process: explicit offline and canonical numeric loopback origin required before resources are acquired
ok 8 - QA C2 process: explicit offline and canonical numeric loopback origin required before resources are acquired
  ---
  duration_ms: 2324.940083
  type: 'test'
  ...
# Subtest: QA C2 process: redirects are rejected without a second request or fallback
ok 9 - QA C2 process: redirects are rejected without a second request or fallback
  ---
  duration_ms: 198.461458
  type: 'test'
  ...
# Subtest: QA C2 process: exclusive owner, SIGINT release, crash lock and changed owner are preserved
ok 10 - QA C2 process: exclusive owner, SIGINT release, crash lock and changed owner are preserved
  ---
  duration_ms: 722.634875
  type: 'test'
  ...
# Subtest: QA C2 process: graceful stop aborts actual in-flight provider request and settles usage
ok 11 - QA C2 process: graceful stop aborts actual in-flight provider request and settles usage
  ---
  duration_ms: 170.6765
  type: 'test'
  ...
# Subtest: QA C2 process: malformed HTTP status is safely rejected without killing service or retaining its lock
ok 12 - QA C2 process: malformed HTTP status is safely rejected without killing service or retaining its lock
  ---
  duration_ms: 185.413292
  type: 'test'
  ...
# Subtest: QA transport facts: actual request/socket and unconsumed redirect or unknown-destination attempts
ok 13 - QA transport facts: actual request/socket and unconsumed redirect or unknown-destination attempts
  ---
  duration_ms: 19.322167
  type: 'test'
  ...
# Subtest: QA transport facts: conversion error, actual abort, connection error, throwing/absent observation preserve behavior
ok 14 - QA transport facts: conversion error, actual abort, connection error, throwing/absent observation preserve behavior
  ---
  duration_ms: 6.564584
  type: 'test'
  ...
# Subtest: usage observation: actual main/factory defaults, omission, explicit enable and controls off
ok 15 - usage observation: actual main/factory defaults, omission, explicit enable and controls off
  ---
  duration_ms: 1459.478542
  type: 'test'
  ...
# Subtest: usage observation: writer close drains the real held journal and rejects later records without closing business service
    # Subtest: main
    ok 1 - main
      ---
      duration_ms: 201.419292
      type: 'test'
      ...
    # Subtest: factory
    ok 2 - factory
      ---
      duration_ms: 199.635458
      type: 'test'
      ...
    1..2
ok 16 - usage observation: writer close drains the real held journal and rejects later records without closing business service
  ---
  duration_ms: 403.668208
  type: 'test'
  ...
# Subtest: usage observation: real queue overflow, gate identity, transport facts and persistence are distinct
ok 17 - usage observation: real queue overflow, gate identity, transport facts and persistence are distinct
  ---
  duration_ms: 329.978375
  type: 'test'
  ...
# real calls=141; held activeBatch=1 queued=64 dropped=76; released persisted=65; no write failure
# Subtest: usage observation: real TTL release, normal exit flush and SIGKILL retain distinct physical evidence
ok 18 - usage observation: real TTL release, normal exit flush and SIGKILL retain distinct physical evidence
  ---
  duration_ms: 971.747708
  type: 'test'
  ...
1..18
# tests 20
# suites 0
# pass 20
# fail 0
# cancelled 0
# skipped 0
# todo 0
# duration_ms 4404.454292
