npm notice run kapibala-platform@0.1.0 build
npm notice run npm run typecheck && npm run build -w apps/web
npm notice run kapibala-platform@0.1.0 typecheck
npm notice run npm run verify:boundaries && tsc --noEmit && npm run typecheck -w apps/web
npm notice run kapibala-platform@0.1.0 verify:boundaries
npm notice run tsx scripts/check-automation-boundaries.ts
Automation boundary: 12 gateway TypeScript files checked (literal SQL only).
npm notice run @kapibala/console@0.1.0 typecheck
npm notice run tsc --noEmit
npm notice run @kapibala/console@0.1.0 build
npm notice run tsc --noEmit && vite build
vite v8.3.1 building client environment for production...
transforming...
✓ 153 modules transformed.
rendering chunks...
computing gzip size...
dist/index.html                   0.52 kB │ gzip:   0.35 kB
dist/assets/index-D_PTbvD6.css   25.04 kB │ gzip:   6.48 kB
dist/assets/index-auJcXEMB.js   342.97 kB │ gzip: 104.64 kB

✓ built in 70ms
