TAP version 13
# Subtest: timeline measurement: 1000 messages, real query plans and HTTP pages
ok 1 - timeline measurement: 1000 messages, real query plans and HTTP pages
  ---
  duration_ms: 438.442583
  type: 'test'
  ...
# {"count":1000,"database":"kapibala_test_2ea7b3fbfa0d48c5a24e431e46298f42","first":{"elapsedMs":18.88175000000001,"responseBytes":22961,"heapUsedDelta":-5852328,"rssDelta":6520832},"continuation":{"elapsedMs":10.522125000000017,"responseBytes":22955,"heapUsedDelta":910024,"rssDelta":26034176},"selectedRows":1000,"storedSnapshotBytes":27824,"cleanup":"app, pools and exact temporary database closed"}
# Subtest: timeline measurement: 10000 messages, real query plans and HTTP pages
ok 2 - timeline measurement: 10000 messages, real query plans and HTTP pages
  ---
  duration_ms: 9884.386834
  type: 'test'
  ...
# {"count":10000,"database":"kapibala_test_d2eceb258dd34f8c919d36e0fbe16a5c","first":{"elapsedMs":107.14520900000002,"responseBytes":23065,"heapUsedDelta":25760600,"rssDelta":30195712},"continuation":{"elapsedMs":73.23250000000007,"responseBytes":23059,"heapUsedDelta":-33264184,"rssDelta":-7258112},"selectedRows":10000,"storedSnapshotBytes":274969,"cleanup":"app, pools and exact temporary database closed"}
1..2
# tests 2
# suites 0
# pass 2
# fail 0
# cancelled 0
# skipped 0
# todo 0
# duration_ms 10506.178167
