✔ C2 offline entry: independent process loads only local key fields, random localhost port, sanitized logs and graceful lock release (216.913041ms)
ℹ {"childPid":35029,"exitCode":0,"serviceAddress":"http://127.0.0.1:61624","realGenerationCalls":0,"keyLogged":false,"ownerLockRemoved":true}
✔ C2 offline: actual backend tools and all four single-block decisions are compatible (143.463959ms)
✔ C2 offline: invalid tool declarations and schemas stop before inference (13.947292ms)
✔ C2 offline: malformed requests and oversized histories do not buy inference (8.518333ms)
✔ C2 offline: interleaved runs preserve complete error history and idempotency keys without cross-run state (52.305375ms)
✔ C2 offline: persistent same-request replay and completed-history continuation survive adapter restart (43.414958ms)
✔ C2 offline: conflicting run histories, corrupt state, symlink state and a second writer fail closed (24.675584ms)
✔ C2 offline: malformed or multiple model decisions never become an invented completion (125.191792ms)
✔ C2 offline: audit pass/fail preserved, errors never grant permission and audit context stays separate (8.103041ms)
✔ C2 offline: same-run concurrent inference rejected and total live generations bounded to four (61.118083ms)
✔ C2 offline provider: official HTTPS request, header-only key, bounded JSON generation, no executable tools (9.241833ms)
✔ C2 offline provider: provider HTTP/auth/rate errors never reflect bodies or manufacture audit verdicts (1.10025ms)
✔ C2 offline provider: invalid JSON, multiple candidates, native tools, truncation and safety blocks fail explicitly (1.504666ms)
✔ C2 offline provider: actual abort signals stop bounded wait; no hidden automatic retry (31.267375ms)
✔ usage: real provider adapter records validated turn/audit attempts, cache adds no inference and missing/error usage stays unknown (118.299041ms)
✔ usage: provider timeout and cancellation each emit one failed attempt without invented zero usage (21.108458ms)
✔ usage: retention bounds count, bytes and age, cleans only owned crash temporary files and preserves private permissions (36.072166ms)
✔ usage: disabled config makes no files; unsafe storage and invalid config degrade with fixed diagnostics (0.870042ms)
✔ usage: optional journal write failure and bounded-queue overflow do not reject successful model responses (26.232834ms)
ℹ tests 19
ℹ suites 0
ℹ pass 19
ℹ fail 0
ℹ cancelled 0
ℹ skipped 0
ℹ todo 0
ℹ duration_ms 794.742208
